Component: ARM Compiler 5.06 update 6 (build 750) Tool: armlink [4d35ed]

==============================================================================

Section Cross References

    main.o(i.main) refers to sys.o(i.JTAG_Set) for JTAG_Set
    main.o(i.main) refers to misc.o(i.NVIC_PriorityGroupConfig) for NVIC_PriorityGroupConfig
    main.o(i.main) refers to delay.o(i.delay_init) for delay_init
    main.o(i.main) refers to delay.o(i.delay_ms) for delay_ms
    main.o(i.main) refers to led.o(i.LED_Init) for LED_Init
    main.o(i.main) refers to exti.o(i.MiniBalance_EXTI_Init) for MiniBalance_EXTI_Init
    main.o(i.main) refers to oled.o(i.OLED_Init) for OLED_Init
    main.o(i.main) refers to usart.o(i.uart_init) for uart_init
    main.o(i.main) refers to motor.o(i.MiniBalance_PWM_Init) for MiniBalance_PWM_Init
    main.o(i.main) refers to encoder.o(i.Encoder_Init_TIM4) for Encoder_Init_TIM4
    main.o(i.main) refers to adc.o(i.Adc_Init) for Adc_Init
    main.o(i.main) refers to timer.o(i.Timer1_Init) for Timer1_Init
    main.o(i.main) refers to printfa.o(i.__0sprintf) for __2sprintf
    main.o(i.main) refers to usart.o(i.Usart_SendString) for Usart_SendString
    main.o(i.main) refers to show.o(i.DataScope) for DataScope
    main.o(i.main) refers to check.o(i.Tips) for Tips
    main.o(i.main) refers to control.o(.bss) for sensor_velocity_str
    main.o(i.main) refers to main.o(.conststring) for .conststring
    main.o(i.main) refers to main.o(.data) for delay_flag
    system_stm32f10x.o(i.SetSysClock) refers to system_stm32f10x.o(i.SetSysClockTo72) for SetSysClockTo72
    system_stm32f10x.o(i.SystemCoreClockUpdate) refers to system_stm32f10x.o(.data) for SystemCoreClock
    system_stm32f10x.o(i.SystemInit) refers to system_stm32f10x.o(i.SetSysClock) for SetSysClock
    startup_stm32f10x_hd.o(RESET) refers to startup_stm32f10x_hd.o(STACK) for __initial_sp
    startup_stm32f10x_hd.o(RESET) refers to startup_stm32f10x_hd.o(.text) for Reset_Handler
    startup_stm32f10x_hd.o(RESET) refers to stm32f10x_it.o(i.NMI_Handler) for NMI_Handler
    startup_stm32f10x_hd.o(RESET) refers to stm32f10x_it.o(i.HardFault_Handler) for HardFault_Handler
    startup_stm32f10x_hd.o(RESET) refers to stm32f10x_it.o(i.MemManage_Handler) for MemManage_Handler
    startup_stm32f10x_hd.o(RESET) refers to stm32f10x_it.o(i.BusFault_Handler) for BusFault_Handler
    startup_stm32f10x_hd.o(RESET) refers to stm32f10x_it.o(i.UsageFault_Handler) for UsageFault_Handler
    startup_stm32f10x_hd.o(RESET) refers to stm32f10x_it.o(i.SVC_Handler) for SVC_Handler
    startup_stm32f10x_hd.o(RESET) refers to stm32f10x_it.o(i.DebugMon_Handler) for DebugMon_Handler
    startup_stm32f10x_hd.o(RESET) refers to stm32f10x_it.o(i.PendSV_Handler) for PendSV_Handler
    startup_stm32f10x_hd.o(RESET) refers to stm32f10x_it.o(i.SysTick_Handler) for SysTick_Handler
    startup_stm32f10x_hd.o(RESET) refers to exti.o(i.EXTI9_5_IRQHandler) for EXTI9_5_IRQHandler
    startup_stm32f10x_hd.o(RESET) refers to control.o(i.TIM1_UP_IRQHandler) for TIM1_UP_IRQHandler
    startup_stm32f10x_hd.o(RESET) refers to encoder.o(i.TIM4_IRQHandler) for TIM4_IRQHandler
    startup_stm32f10x_hd.o(RESET) refers to usart.o(i.USART1_IRQHandler) for USART1_IRQHandler
    startup_stm32f10x_hd.o(RESET) refers to exti.o(i.EXTI15_10_IRQHandler) for EXTI15_10_IRQHandler
    startup_stm32f10x_hd.o(.text) refers to system_stm32f10x.o(i.SystemInit) for SystemInit
    startup_stm32f10x_hd.o(.text) refers to entry.o(.ARM.Collect$$$$00000000) for __main
    stm32f10x_adc.o(i.ADC_DeInit) refers to stm32f10x_rcc.o(i.RCC_APB2PeriphResetCmd) for RCC_APB2PeriphResetCmd
    stm32f10x_bkp.o(i.BKP_DeInit) refers to stm32f10x_rcc.o(i.RCC_BackupResetCmd) for RCC_BackupResetCmd
    stm32f10x_can.o(i.CAN_DeInit) refers to stm32f10x_rcc.o(i.RCC_APB1PeriphResetCmd) for RCC_APB1PeriphResetCmd
    stm32f10x_can.o(i.CAN_GetITStatus) refers to stm32f10x_can.o(i.CheckITStatus) for CheckITStatus
    stm32f10x_cec.o(i.CEC_DeInit) refers to stm32f10x_rcc.o(i.RCC_APB1PeriphResetCmd) for RCC_APB1PeriphResetCmd
    stm32f10x_dac.o(i.DAC_DeInit) refers to stm32f10x_rcc.o(i.RCC_APB1PeriphResetCmd) for RCC_APB1PeriphResetCmd
    stm32f10x_flash.o(i.FLASH_EnableWriteProtection) refers to stm32f10x_flash.o(i.FLASH_WaitForLastOperation) for FLASH_WaitForLastOperation
    stm32f10x_flash.o(i.FLASH_EraseAllBank1Pages) refers to stm32f10x_flash.o(i.FLASH_WaitForLastBank1Operation) for FLASH_WaitForLastBank1Operation
    stm32f10x_flash.o(i.FLASH_EraseAllPages) refers to stm32f10x_flash.o(i.FLASH_WaitForLastOperation) for FLASH_WaitForLastOperation
    stm32f10x_flash.o(i.FLASH_EraseOptionBytes) refers to stm32f10x_flash.o(i.FLASH_GetReadOutProtectionStatus) for FLASH_GetReadOutProtectionStatus
    stm32f10x_flash.o(i.FLASH_EraseOptionBytes) refers to stm32f10x_flash.o(i.FLASH_WaitForLastOperation) for FLASH_WaitForLastOperation
[...]
    ..\STM32F10x_FWLib\src\stm32f10x_dma.c   0x00000000   Number         0  stm32f10x_dma.o ABSOLUTE
    ..\STM32F10x_FWLib\src\stm32f10x_exti.c  0x00000000   Number         0  stm32f10x_exti.o ABSOLUTE
    ..\STM32F10x_FWLib\src\stm32f10x_flash.c 0x00000000   Number         0  stm32f10x_flash.o ABSOLUTE
    ..\STM32F10x_FWLib\src\stm32f10x_fsmc.c  0x00000000   Number         0  stm32f10x_fsmc.o ABSOLUTE
    ..\STM32F10x_FWLib\src\stm32f10x_gpio.c  0x00000000   Number         0  stm32f10x_gpio.o ABSOLUTE
    ..\STM32F10x_FWLib\src\stm32f10x_i2c.c   0x00000000   Number         0  stm32f10x_i2c.o ABSOLUTE
    ..\STM32F10x_FWLib\src\stm32f10x_iwdg.c  0x00000000   Number         0  stm32f10x_iwdg.o ABSOLUTE
    ..\STM32F10x_FWLib\src\stm32f10x_pwr.c   0x00000000   Number         0  stm32f10x_pwr.o ABSOLUTE
    ..\STM32F10x_FWLib\src\stm32f10x_rcc.c   0x00000000   Number         0  stm32f10x_rcc.o ABSOLUTE
    ..\STM32F10x_FWLib\src\stm32f10x_rtc.c   0x00000000   Number         0  stm32f10x_rtc.o ABSOLUTE
    ..\STM32F10x_FWLib\src\stm32f10x_sdio.c  0x00000000   Number         0  stm32f10x_sdio.o ABSOLUTE
    ..\STM32F10x_FWLib\src\stm32f10x_spi.c   0x00000000   Number         0  stm32f10x_spi.o ABSOLUTE
    ..\STM32F10x_FWLib\src\stm32f10x_tim.c   0x00000000   Number         0  stm32f10x_tim.o ABSOLUTE
    ..\STM32F10x_FWLib\src\stm32f10x_usart.c 0x00000000   Number         0  stm32f10x_usart.o ABSOLUTE
    ..\STM32F10x_FWLib\src\stm32f10x_wwdg.c  0x00000000   Number         0  stm32f10x_wwdg.o ABSOLUTE
    ..\SYSTEM\delay\delay.c                  0x00000000   Number         0  delay.o ABSOLUTE
    ..\SYSTEM\sys\sys.c                      0x00000000   Number         0  sys.o ABSOLUTE
    ..\SYSTEM\usart\usart.c                  0x00000000   Number         0  usart.o ABSOLUTE
    ..\\CORE\\core_cm3.c                     0x00000000   Number         0  core_cm3.o ABSOLUTE
    ..\\SYSTEM\\sys\\sys.c                   0x00000000   Number         0  sys.o ABSOLUTE
    cdrcmple.s                               0x00000000   Number         0  cdrcmple.o ABSOLUTE
    cfcmple.s                                0x00000000   Number         0  cfcmple.o ABSOLUTE
    cfrcmple.s                               0x00000000   Number         0  cfrcmple.o ABSOLUTE
    dc.s                                     0x00000000   Number         0  dc.o ABSOLUTE
    handlers.s                               0x00000000   Number         0  handlers.o ABSOLUTE
    init.s                                   0x00000000   Number         0  init.o ABSOLUTE
    main.c                                   0x00000000   Number         0  main.o ABSOLUTE
    stm32f10x_it.c                           0x00000000   Number         0  stm32f10x_it.o ABSOLUTE
    system_stm32f10x.c                       0x00000000   Number         0  system_stm32f10x.o ABSOLUTE
    RESET                                    0x08000000   Section      304  startup_stm32f10x_hd.o(RESET)
    .ARM.Collect$$$$00000000                 0x08000130   Section        0  entry.o(.ARM.Collect$$$$00000000)
    .ARM.Collect$$$$00000001                 0x08000130   Section        4  entry2.o(.ARM.Collect$$$$00000001)
    .ARM.Collect$$$$00000004                 0x08000134   Section        4  entry5.o(.ARM.Collect$$$$00000004)
    .ARM.Collect$$$$00000008                 0x08000138   Section        0  entry7b.o(.ARM.Collect$$$$00000008)
    .ARM.Collect$$$$0000000A                 0x08000138   Section        0  entry8b.o(.ARM.Collect$$$$0000000A)
    .ARM.Collect$$$$0000000B                 0x08000138   Section        8  entry9a.o(.ARM.Collect$$$$0000000B)
    .ARM.Collect$$$$0000000D                 0x08000140   Section        0  entry10a.o(.ARM.Collect$$$$0000000D)
    .ARM.Collect$$$$0000000F                 0x08000140   Section        0  entry11a.o(.ARM.Collect$$$$0000000F)
    .ARM.Collect$$$$00002712                 0x08000140   Section        4  entry2.o(.ARM.Collect$$$$00002712)
    __lit__00000000                          0x08000140   Data           4  entry2.o(.ARM.Collect$$$$00002712)
    .text                                    0x08000144   Section       36  startup_stm32f10x_hd.o(.text)
    .text                                    0x08000168   Section        0  ldiv.o(.text)
    .text                                    0x080001ca   Section        0  fadd.o(.text)
    .text                                    0x0800027a   Section        0  fmul.o(.text)
    .text                                    0x080002de   Section        0  fdiv.o(.text)
    .text                                    0x0800035a   Section        0  dadd.o(.text)
    .text                                    0x080004a8   Section        0  dmul.o(.text)
    .text                                    0x0800058c   Section        0  ddiv.o(.text)
    .text                                    0x0800066a   Section        0  fflti.o(.text)
    .text                                    0x0800067c   Section        0  ffltui.o(.text)
    .text                                    0x08000686   Section        0  dfltui.o(.text)
    .text                                    0x080006a0   Section        0  ffixi.o(.text)
    .text                                    0x080006d2   Section        0  ffixl.o(.text)
    .text                                    0x08000714   Section        0  dfixi.o(.text)
    .text                                    0x08000752   Section        0  f2d.o(.text)
    .text                                    0x08000778   Section        0  d2f.o(.text)
    .text                                    0x080007b0   Section       20  cfcmple.o(.text)
    .text                                    0x080007c4   Section       20  cfrcmple.o(.text)
    .text                                    0x080007d8   Section        0  uidiv.o(.text)
    .text                                    0x08000804   Section        0  uldiv.o(.text)
    .text                                    0x08000866   Section        0  llshl.o(.text)
    .text                                    0x08000884   Section        0  llushr.o(.text)
    .text                                    0x080008a4   Section        0  llsshr.o(.text)
    .text                                    0x080008c8   Section        0  iusefp.o(.text)
    .text                                    0x080008c8   Section        0  fepilogue.o(.text)
    .text                                    0x08000936   Section        0  depilogue.o(.text)
    .text                                    0x080009f0   Section        0  dfixul.o(.text)
    .text                                    0x08000a20   Section       48  cdrcmple.o(.text)
    .text                                    0x08000a50   Section       36  init.o(.text)
    .text                                    0x08000a74   Section        0  __dczerorl2.o(.text)
    i.ADC_Cmd                                0x08000aca   Section        0  stm32f10x_adc.o(i.ADC_Cmd)
    i.ADC_DeInit                             0x08000ae0   Section        0  stm32f10x_adc.o(i.ADC_DeInit)
    i.ADC_GetCalibrationStatus               0x08000b3c   Section        0  stm32f10x_adc.o(i.ADC_GetCalibrationStatus)
    i.ADC_GetConversionValue                 0x08000b50   Section        0  stm32f10x_adc.o(i.ADC_GetConversionValue)
    i.ADC_GetFlagStatus                      0x08000b58   Section        0  stm32f10x_adc.o(i.ADC_GetFlagStatus)
    i.ADC_GetResetCalibrationStatus          0x08000b6a   Section        0  stm32f10x_adc.o(i.ADC_GetResetCalibrationStatus)
    i.ADC_Init                               0x08000b80   Section        0  stm32f10x_adc.o(i.ADC_Init)
    i.ADC_RegularChannelConfig               0x08000bd0   Section        0  stm32f10x_adc.o(i.ADC_RegularChannelConfig)
    i.ADC_ResetCalibration                   0x08000c88   Section        0  stm32f10x_adc.o(i.ADC_ResetCalibration)
    i.ADC_SoftwareStartConvCmd               0x08000c92   Section        0  stm32f10x_adc.o(i.ADC_SoftwareStartConvCmd)
    i.ADC_StartCalibration                   0x08000ca8   Section        0  stm32f10x_adc.o(i.ADC_StartCalibration)
    i.Adc_Init                               0x08000cb4   Section        0  adc.o(i.Adc_Init)
    i.BKP_TamperPinCmd                       0x08000d9c   Section        0  stm32f10x_bkp.o(i.BKP_TamperPinCmd)
    i.BusFault_Handler                       0x08000da8   Section        0  stm32f10x_it.o(i.BusFault_Handler)
    i.DataScope                              0x08000dac   Section        0  show.o(i.DataScope)
    i.DataScope_Data_Generate                0x08000e68   Section        0  datascope_dp.o(i.DataScope_Data_Generate)
    i.DataScope_Get_Channel_Data             0x08000f00   Section        0  datascope_dp.o(i.DataScope_Get_Channel_Data)
    i.DebugMon_Handler                       0x08000fa4   Section        0  stm32f10x_it.o(i.DebugMon_Handler)
    i.EXTI15_10_IRQHandler                   0x08000fa8   Section        0  exti.o(i.EXTI15_10_IRQHandler)
    i.EXTI9_5_IRQHandler                     0x0800113c   Section        0  exti.o(i.EXTI9_5_IRQHandler)
    i.EXTI_ClearITPendingBit                 0x080011b4   Section        0  stm32f10x_exti.o(i.EXTI_ClearITPendingBit)
    i.EXTI_Init                              0x080011c0   Section        0  stm32f10x_exti.o(i.EXTI_Init)
    i.Encoder_Init_TIM4                      0x08001254   Section        0  encoder.o(i.Encoder_Init_TIM4)
    i.Float2Byte                             0x080012f4   Section        0  datascope_dp.o(i.Float2Byte)
    i.GPIO_EXTILineConfig                    0x08001310   Section        0  stm32f10x_gpio.o(i.GPIO_EXTILineConfig)
    i.GPIO_Init                              0x08001350   Section        0  stm32f10x_gpio.o(i.GPIO_Init)
    i.GPIO_ResetBits                         0x08001466   Section        0  stm32f10x_gpio.o(i.GPIO_ResetBits)
    i.GPIO_SetBits                           0x0800146a   Section        0  stm32f10x_gpio.o(i.GPIO_SetBits)
    i.Get_Adc                                0x08001470   Section        0  adc.o(i.Get_Adc)
    i.Get_Adc2                               0x080014b8   Section        0  adc.o(i.Get_Adc2)
    i.Get_Adc_Average                        0x08001500   Section        0  adc.o(i.Get_Adc_Average)
    i.Get_Adc_Average_Angle                  0x08001530   Section        0  adc.o(i.Get_Adc_Average_Angle)
    i.Get_Adc_Average_Speed                  0x08001558   Section        0  adc.o(i.Get_Adc_Average_Speed)
    i.Get_D_Angle_Balance                    0x080015a8   Section        0  control.o(i.Get_D_Angle_Balance)
    i.Get_battery_volt                       0x080015fc   Section        0  adc.o(i.Get_battery_volt)
    i.HardFault_Handler                      0x0800166c   Section        0  stm32f10x_it.o(i.HardFault_Handler)
    i.JTAG_Set                               0x08001670   Section        0  sys.o(i.JTAG_Set)
    i.KEY_Init                               0x080016a0   Section        0  key.o(i.KEY_Init)
    i.Key                                    0x080016c8   Section        0  control.o(i.Key)
    i.LED_Init                               0x080017b0   Section        0  led.o(i.LED_Init)
    i.Long_Press                             0x080017e0   Section        0  key.o(i.Long_Press)
    i.Long_Press_KEY2                        0x08001834   Section        0  key.o(i.Long_Press_KEY2)
    i.Mean_Filter                            0x08001888   Section        0  control.o(i.Mean_Filter)
    i.MemManage_Handler                      0x080018d8   Section        0  stm32f10x_it.o(i.MemManage_Handler)
    i.MiniBalance_EXTI_Init                  0x080018dc   Section        0  exti.o(i.MiniBalance_EXTI_Init)
    i.MiniBalance_Motor_Init                 0x080019b8   Section        0  motor.o(i.MiniBalance_Motor_Init)
    i.MiniBalance_PWM_Init                   0x080019f0   Section        0  motor.o(i.MiniBalance_PWM_Init)
    i.NMI_Handler                            0x08001a8c   Section        0  stm32f10x_it.o(i.NMI_Handler)
    i.NVIC_Init                              0x08001a90   Section        0  misc.o(i.NVIC_Init)
    i.NVIC_PriorityGroupConfig               0x08001b00   Section        0  misc.o(i.NVIC_PriorityGroupConfig)
    i.OLED_Clear                             0x08001b14   Section        0  oled.o(i.OLED_Clear)
    i.OLED_DrawPoint                         0x08001b44   Section        0  oled.o(i.OLED_DrawPoint)
    i.OLED_Init                              0x08001bac   Section        0  oled.o(i.OLED_Init)
    i.OLED_Refresh_Gram                      0x08001d00   Section        0  oled.o(i.OLED_Refresh_Gram)
    i.OLED_ShowChar                          0x08001d4c   Section        0  oled.o(i.OLED_ShowChar)
    i.OLED_ShowChinese                       0x08001df4   Section        0  oled.o(i.OLED_ShowChinese)
    i.OLED_ShowChinese_12                    0x08001e78   Section        0  oled.o(i.OLED_ShowChinese_12)
    i.OLED_ShowNumber                        0x08001f00   Section        0  oled.o(i.OLED_ShowNumber)
    i.OLED_ShowString                        0x08001fe6   Section        0  oled.o(i.OLED_ShowString)
    i.OLED_WR_Byte                           0x0800202c   Section        0  oled.o(i.OLED_WR_Byte)
    i.PWR_BackupAccessCmd                    0x08002084   Section        0  stm32f10x_pwr.o(i.PWR_BackupAccessCmd)
    i.PendSV_Handler                         0x08002090   Section        0  stm32f10x_it.o(i.PendSV_Handler)
    i.RCC_ADCCLKConfig                       0x08002094   Section        0  stm32f10x_rcc.o(i.RCC_ADCCLKConfig)
    i.RCC_APB1PeriphClockCmd                 0x080020ac   Section        0  stm32f10x_rcc.o(i.RCC_APB1PeriphClockCmd)
    i.RCC_APB2PeriphClockCmd                 0x080020cc   Section        0  stm32f10x_rcc.o(i.RCC_APB2PeriphClockCmd)
    i.RCC_APB2PeriphResetCmd                 0x080020ec   Section        0  stm32f10x_rcc.o(i.RCC_APB2PeriphResetCmd)
    i.RCC_GetClocksFreq                      0x0800210c   Section        0  stm32f10x_rcc.o(i.RCC_GetClocksFreq)
    i.RCC_LSEConfig                          0x080021e0   Section        0  stm32f10x_rcc.o(i.RCC_LSEConfig)
    i.Read_Encoder                           0x08002214   Section        0  encoder.o(i.Read_Encoder)
    i.Read_Encoder_Angle                     0x08002250   Section        0  encoder.o(i.Read_Encoder_Angle)
    i.Read_Encoder_Speed                     0x08002294   Section        0  encoder.o(i.Read_Encoder_Speed)
    i.SVC_Handler                            0x080022fc   Section        0  stm32f10x_it.o(i.SVC_Handler)
    i.SetSysClock                            0x080022fe   Section        0  system_stm32f10x.o(i.SetSysClock)
    SetSysClock                              0x080022ff   Thumb Code     8  system_stm32f10x.o(i.SetSysClock)
    i.SetSysClockTo72                        0x08002308   Section        0  system_stm32f10x.o(i.SetSysClockTo72)
    SetSysClockTo72                          0x08002309   Thumb Code   214  system_stm32f10x.o(i.SetSysClockTo72)
    i.Set_Pwm                                0x080023e8   Section        0  control.o(i.Set_Pwm)
    i.SysTick_CLKSourceConfig                0x08002428   Section        0  misc.o(i.SysTick_CLKSourceConfig)
    i.SysTick_Handler                        0x08002450   Section        0  stm32f10x_it.o(i.SysTick_Handler)
    i.SystemInit                             0x08002454   Section        0  system_stm32f10x.o(i.SystemInit)
    i.TI1_Config                             0x080024b4   Section        0  stm32f10x_tim.o(i.TI1_Config)
    TI1_Config                               0x080024b5   Thumb Code   108  stm32f10x_tim.o(i.TI1_Config)
    i.TI2_Config                             0x08002534   Section        0  stm32f10x_tim.o(i.TI2_Config)
    TI2_Config                               0x08002535   Thumb Code   130  stm32f10x_tim.o(i.TI2_Config)
    i.TI3_Config                             0x080025cc   Section        0  stm32f10x_tim.o(i.TI3_Config)
    TI3_Config                               0x080025cd   Thumb Code   122  stm32f10x_tim.o(i.TI3_Config)
    i.TI4_Config                             0x0800265c   Section        0  stm32f10x_tim.o(i.TI4_Config)
    TI4_Config                               0x0800265d   Thumb Code   130  stm32f10x_tim.o(i.TI4_Config)
    i.TIM1_UP_IRQHandler                     0x080026f4   Section        0  control.o(i.TIM1_UP_IRQHandler)
    i.TIM4_IRQHandler                        0x08002834   Section        0  encoder.o(i.TIM4_IRQHandler)
    i.TIM_ARRPreloadConfig                   0x0800284c   Section        0  stm32f10x_tim.o(i.TIM_ARRPreloadConfig)
    i.TIM_ClearFlag                          0x08002864   Section        0  stm32f10x_tim.o(i.TIM_ClearFlag)
    i.TIM_ClearITPendingBit                  0x0800286a   Section        0  stm32f10x_tim.o(i.TIM_ClearITPendingBit)
    i.TIM_Cmd                                0x08002870   Section        0  stm32f10x_tim.o(i.TIM_Cmd)
    i.TIM_EncoderInterfaceConfig             0x08002888   Section        0  stm32f10x_tim.o(i.TIM_EncoderInterfaceConfig)
    i.TIM_GetITStatus                        0x080028ca   Section        0  stm32f10x_tim.o(i.TIM_GetITStatus)
    i.TIM_ICInit                             0x080028ec   Section        0  stm32f10x_tim.o(i.TIM_ICInit)
    i.TIM_ICStructInit                       0x08002998   Section        0  stm32f10x_tim.o(i.TIM_ICStructInit)
    i.TIM_ITConfig                           0x080029aa   Section        0  stm32f10x_tim.o(i.TIM_ITConfig)
    i.TIM_OC4Init                            0x080029bc   Section        0  stm32f10x_tim.o(i.TIM_OC4Init)
    i.TIM_OC4PreloadConfig                   0x08002a38   Section        0  stm32f10x_tim.o(i.TIM_OC4PreloadConfig)
    i.TIM_SetCounter                         0x08002a52   Section        0  stm32f10x_tim.o(i.TIM_SetCounter)
    i.TIM_SetIC1Prescaler                    0x08002a56   Section        0  stm32f10x_tim.o(i.TIM_SetIC1Prescaler)
    i.TIM_SetIC2Prescaler                    0x08002a68   Section        0  stm32f10x_tim.o(i.TIM_SetIC2Prescaler)
    i.TIM_SetIC3Prescaler                    0x08002a82   Section        0  stm32f10x_tim.o(i.TIM_SetIC3Prescaler)
    i.TIM_SetIC4Prescaler                    0x08002a94   Section        0  stm32f10x_tim.o(i.TIM_SetIC4Prescaler)
    i.TIM_TimeBaseInit                       0x08002ab0   Section        0  stm32f10x_tim.o(i.TIM_TimeBaseInit)
    i.TIM_TimeBaseStructInit                 0x08002b54   Section        0  stm32f10x_tim.o(i.TIM_TimeBaseStructInit)
    i.Timer1_Init                            0x08002b68   Section        0  timer.o(i.Timer1_Init)
    i.Tips                                   0x08002bc4   Section        0  check.o(i.Tips)
    i.USART1_IRQHandler                      0x08002e54   Section        0  usart.o(i.USART1_IRQHandler)
    i.USART_Cmd                              0x08002e78   Section        0  stm32f10x_usart.o(i.USART_Cmd)
    i.USART_GetFlagStatus                    0x08002e90   Section        0  stm32f10x_usart.o(i.USART_GetFlagStatus)
    i.USART_GetITStatus                      0x08002eaa   Section        0  stm32f10x_usart.o(i.USART_GetITStatus)
    i.USART_ITConfig                         0x08002efe   Section        0  stm32f10x_usart.o(i.USART_ITConfig)
    i.USART_Init                             0x08002f48   Section        0  stm32f10x_usart.o(i.USART_Init)
    i.USART_ReceiveData                      0x08003020   Section        0  stm32f10x_usart.o(i.USART_ReceiveData)
    i.USART_SendData                         0x0800302a   Section        0  stm32f10x_usart.o(i.USART_SendData)
    i.UsageFault_Handler                     0x08003032   Section        0  stm32f10x_it.o(i.UsageFault_Handler)
    i.Usart_SendByte                         0x08003036   Section        0  usart.o(i.Usart_SendByte)
    i.Usart_SendString                       0x08003054   Section        0  usart.o(i.Usart_SendString)
    i.Xianfu_Pwm                             0x08003080   Section        0  control.o(i.Xianfu_Pwm)
    i.__0sprintf                             0x080030a8   Section        0  printfa.o(i.__0sprintf)
    i.__scatterload_copy                     0x080030d0   Section       14  handlers.o(i.__scatterload_copy)
    i.__scatterload_null                     0x080030de   Section        2  handlers.o(i.__scatterload_null)
    i.__scatterload_zeroinit                 0x080030e0   Section       14  handlers.o(i.__scatterload_zeroinit)
    i._fp_digits                             0x080030f0   Section        0  printfa.o(i._fp_digits)
    _fp_digits                               0x080030f1   Thumb Code   366  printfa.o(i._fp_digits)
    i._printf_core                           0x08003274   Section        0  printfa.o(i._printf_core)
    _printf_core                             0x08003275   Thumb Code  1744  printfa.o(i._printf_core)
    i._printf_post_padding                   0x08003950   Section        0  printfa.o(i._printf_post_padding)
    _printf_post_padding                     0x08003951   Thumb Code    36  printfa.o(i._printf_post_padding)
    i._printf_pre_padding                    0x08003974   Section        0  printfa.o(i._printf_pre_padding)
    _printf_pre_padding                      0x08003975   Thumb Code    46  printfa.o(i._printf_pre_padding)
    i._sputc                                 0x080039a2   Section        0  printfa.o(i._sputc)
    _sputc                                   0x080039a3   Thumb Code    10  printfa.o(i._sputc)
    i.check_display                          0x080039ac   Section        0  show.o(i.check_display)
    i.click                                  0x08003b1c   Section        0  key.o(i.click)
    i.click_N_Double                         0x08003b7c   Section        0  key.o(i.click_N_Double)
    i.delay_init                             0x08003c4c   Section        0  delay.o(i.delay_init)
    i.delay_ms                               0x08003c90   Section        0  delay.o(i.delay_ms)
    i.delay_us                               0x08003cdc   Section        0  delay.o(i.delay_us)
    i.fail_display                           0x08003d28   Section        0  show.o(i.fail_display)
    i.main                                   0x08003da8   Section        0  main.o(i.main)
    i.myabs                                  0x08003e5c   Section        0  control.o(i.myabs)
    i.oled_pow                               0x08003e6a   Section        0  oled.o(i.oled_pow)
    i.oled_show                              0x08003e80   Section        0  show.o(i.oled_show)
    i.show_Tips                              0x0800408c   Section        0  show.o(i.show_Tips)
    i.step_0                                 0x08004208   Section        0  show.o(i.step_0)
    i.step_1                                 0x080043cc   Section        0  show.o(i.step_1)
    i.step_2                                 0x08004584   Section        0  show.o(i.step_2)
    i.step_3                                 0x08004760   Section        0  show.o(i.step_3)
    i.success_display                        0x08004888   Section        0  show.o(i.success_display)
    i.uart_init                              0x08004938   Section        0  usart.o(i.uart_init)
    .constdata                               0x080049d8   Section    17236  oled.o(.constdata)
    .conststring                             0x08008d2c   Section       79  main.o(.conststring)
    .data                                    0x20000000   Section       92  main.o(.data)
    .data                                    0x2000005c   Section       20  system_stm32f10x.o(.data)
    .data                                    0x20000070   Section       20  stm32f10x_rcc.o(.data)
    APBAHBPrescTable                         0x20000070   Data          16  stm32f10x_rcc.o(.data)
    ADCPrescTable                            0x20000080   Data           4  stm32f10x_rcc.o(.data)
    .data                                    0x20000084   Section        4  delay.o(.data)
    fac_us                                   0x20000084   Data           1  delay.o(.data)
    fac_ms                                   0x20000086   Data           2  delay.o(.data)
    .data                                    0x20000088   Section       22  usart.o(.data)
    .data                                    0x2000009e   Section       18  key.o(.data)
    flag_key                                 0x2000009e   Data           1  key.o(.data)
    count_key                                0x2000009f   Data           1  key.o(.data)
    double_key                               0x200000a0   Data           1  key.o(.data)
    count_single                             0x200000a2   Data           2  key.o(.data)
    Forever_count                            0x200000a4   Data           2  key.o(.data)
    flag_key                                 0x200000a6   Data           1  key.o(.data)
    Long_Press_count                         0x200000a8   Data           2  key.o(.data)
    Long_Press                               0x200000aa   Data           2  key.o(.data)
    Long_Press_count                         0x200000ac   Data           2  key.o(.data)
    Long_Press                               0x200000ae   Data           2  key.o(.data)
    .data                                    0x200000b0   Section      140  control.o(.data)
    tmp                                      0x20000104   Data           4  control.o(.data)
    flag                                     0x20000108   Data           4  control.o(.data)
    count                                    0x2000010c   Data           4  control.o(.data)
    count                                    0x20000110   Data           4  control.o(.data)
    speed                                    0x20000114   Data           1  control.o(.data)
    help_count                               0x20000115   Data           1  control.o(.data)
    pid_adjust                               0x20000116   Data           2  control.o(.data)
    Bias                                     0x20000118   Data           4  control.o(.data)
    Pwm                                      0x2000011c   Data           4  control.o(.data)
    Last_bias                                0x20000120   Data           4  control.o(.data)
    Speed_Buf                                0x20000124   Data           8  control.o(.data)
    Position_PWM                             0x2000012c   Data           4  control.o(.data)
    Last_Position                            0x20000130   Data           4  control.o(.data)
    Position_Bias                            0x20000134   Data           4  control.o(.data)
    Position_Differential                    0x20000138   Data           4  control.o(.data)
    .data                                    0x2000013c   Section        8  show.o(.data)
    .data                                    0x20000144   Section        2  check.o(.data)
    i                                        0x20000144   Data           1  check.o(.data)
    count                                    0x20000145   Data           1  check.o(.data)
    .bss                                     0x20000148   Section     1024  oled.o(.bss)
    .bss                                     0x20000548   Section      180  control.o(.bss)
    .bss                                     0x200005fc   Section       42  datascope_dp.o(.bss)
    STACK                                    0x20000628   Section     1024  startup_stm32f10x_hd.o(STACK)

    Global Symbols

    Symbol Name                              Value     Ov Type        Size  Object(Section)

    BuildAttributes$$THM_ISAv4$P$D$K$B$S$PE$A:L22UL41UL21$X:L11$S22US41US21$IEEE1$IW$USESV6$~STKCKD$USESV7$~SHL$OTIME$ROPI$EBA8$MICROLIB$REQ8$PRES8$EABIv2 0x00000000   Number         0  anon$$obj.o ABSOLUTE
    __ARM_use_no_argv                        0x00000000   Number         0  main.o ABSOLUTE
    __use_no_errno                           0x00000000   Number         0  useno.o ABSOLUTE
    __use_no_exception_handling              0x00000000   Number         0  useno.o ABSOLUTE
    __use_no_fp                              0x00000000   Number         0  useno.o ABSOLUTE
    __use_no_heap                            0x00000000   Number         0  useno.o ABSOLUTE
    __use_no_heap_region                     0x00000000   Number         0  useno.o ABSOLUTE
    __use_no_semihosting                     0x00000000   Number         0  useno.o ABSOLUTE
    __use_no_semihosting_swi                 0x00000000   Number         0  useno.o ABSOLUTE
    __use_no_signal_handling                 0x00000000   Number         0  useno.o ABSOLUTE
    _printf_a                                0x00000000   Number         0  stubs.o ABSOLUTE
    _printf_c                                0x00000000   Number         0  stubs.o ABSOLUTE
    _printf_charcount                        0x00000000   Number         0  stubs.o ABSOLUTE
    _printf_d                                0x00000000   Number         0  stubs.o ABSOLUTE
    _printf_e                                0x00000000   Number         0  stubs.o ABSOLUTE
    _printf_f                                0x00000000   Number         0  stubs.o ABSOLUTE
    _printf_flags                            0x00000000   Number         0  stubs.o ABSOLUTE
    _printf_fp_dec                           0x00000000   Number         0  stubs.o ABSOLUTE
    _printf_fp_hex                           0x00000000   Number         0  stubs.o ABSOLUTE
    _printf_g                                0x00000000   Number         0  stubs.o ABSOLUTE
    _printf_i                                0x00000000   Number         0  stubs.o ABSOLUTE
    _printf_int_dec                          0x00000000   Number         0  stubs.o ABSOLUTE
    _printf_l                                0x00000000   Number         0  stubs.o ABSOLUTE
    _printf_lc                               0x00000000   Number         0  stubs.o ABSOLUTE
    _printf_ll                               0x00000000   Number         0  stubs.o ABSOLUTE
    _printf_lld                              0x00000000   Number         0  stubs.o ABSOLUTE
    _printf_lli                              0x00000000   Number         0  stubs.o ABSOLUTE
    _printf_llo                              0x00000000   Number         0  stubs.o ABSOLUTE
    _printf_llu                              0x00000000   Number         0  stubs.o ABSOLUTE
    _printf_llx                              0x00000000   Number         0  stubs.o ABSOLUTE
    _printf_longlong_dec                     0x00000000   Number         0  stubs.o ABSOLUTE
    _printf_longlong_hex                     0x00000000   Number         0  stubs.o ABSOLUTE
    _printf_longlong_oct                     0x00000000   Number         0  stubs.o ABSOLUTE
    _printf_ls                               0x00000000   Number         0  stubs.o ABSOLUTE
    _printf_mbtowc                           0x00000000   Number         0  stubs.o ABSOLUTE
    _printf_n                                0x00000000   Number         0  stubs.o ABSOLUTE
    _printf_o                                0x00000000   Number         0  stubs.o ABSOLUTE
    _printf_p                                0x00000000   Number         0  stubs.o ABSOLUTE
    _printf_percent                          0x00000000   Number         0  stubs.o ABSOLUTE
    _printf_pre_padding                      0x00000000   Number         0  stubs.o ABSOLUTE
    _printf_return_value                     0x00000000   Number         0  stubs.o ABSOLUTE
    _printf_s                                0x00000000   Number         0  stubs.o ABSOLUTE
    _printf_sizespec                         0x00000000   Number         0  stubs.o ABSOLUTE
    _printf_str                              0x00000000   Number         0  stubs.o ABSOLUTE
    _printf_truncate_signed                  0x00000000   Number         0  stubs.o ABSOLUTE
    _printf_truncate_unsigned                0x00000000   Number         0  stubs.o ABSOLUTE
    _printf_u                                0x00000000   Number         0  stubs.o ABSOLUTE
    _printf_wc                               0x00000000   Number         0  stubs.o ABSOLUTE
    _printf_wctomb                           0x00000000   Number         0  stubs.o ABSOLUTE
    _printf_widthprec                        0x00000000   Number         0  stubs.o ABSOLUTE
    _printf_x                                0x00000000   Number         0  stubs.o ABSOLUTE
    __cpp_initialize__aeabi_                  - Undefined Weak Reference
    __cxa_finalize                            - Undefined Weak Reference
    _clock_init                               - Undefined Weak Reference
    _microlib_exit                            - Undefined Weak Reference
    __Vectors_Size                           0x00000130   Number         0  startup_stm32f10x_hd.o ABSOLUTE
    __Vectors                                0x08000000   Data           4  startup_stm32f10x_hd.o(RESET)
    __Vectors_End                            0x08000130   Data           0  startup_stm32f10x_hd.o(RESET)
    __main                                   0x08000131   Thumb Code     0  entry.o(.ARM.Collect$$$$00000000)
    _main_stk                                0x08000131   Thumb Code     0  entry2.o(.ARM.Collect$$$$00000001)
    _main_scatterload                        0x08000135   Thumb Code     0  entry5.o(.ARM.Collect$$$$00000004)
    __main_after_scatterload                 0x08000139   Thumb Code     0  entry5.o(.ARM.Collect$$$$00000004)
    _main_clock                              0x08000139   Thumb Code     0  entry7b.o(.ARM.Collect$$$$00000008)
    _main_cpp_init                           0x08000139   Thumb Code     0  entry8b.o(.ARM.Collect$$$$0000000A)
    _main_init                               0x08000139   Thumb Code     0  entry9a.o(.ARM.Collect$$$$0000000B)
    __rt_final_cpp                           0x08000141   Thumb Code     0  entry10a.o(.ARM.Collect$$$$0000000D)
    __rt_final_exit                          0x08000141   Thumb Code     0  entry11a.o(.ARM.Collect$$$$0000000F)
    Reset_Handler                            0x08000145   Thumb Code     8  startup_stm32f10x_hd.o(.text)
    ADC1_2_IRQHandler                        0x0800015f   Thumb Code     0  startup_stm32f10x_hd.o(.text)
    ADC3_IRQHandler                          0x0800015f   Thumb Code     0  startup_stm32f10x_hd.o(.text)
    CAN1_RX1_IRQHandler                      0x0800015f   Thumb Code     0  startup_stm32f10x_hd.o(.text)
    CAN1_SCE_IRQHandler                      0x0800015f   Thumb Code     0  startup_stm32f10x_hd.o(.text)
    DMA1_Channel1_IRQHandler                 0x0800015f   Thumb Code     0  startup_stm32f10x_hd.o(.text)
    DMA1_Channel2_IRQHandler                 0x0800015f   Thumb Code     0  startup_stm32f10x_hd.o(.text)
    DMA1_Channel3_IRQHandler                 0x0800015f   Thumb Code     0  startup_stm32f10x_hd.o(.text)
    DMA1_Channel4_IRQHandler                 0x0800015f   Thumb Code     0  startup_stm32f10x_hd.o(.text)
    DMA1_Channel5_IRQHandler                 0x0800015f   Thumb Code     0  startup_stm32f10x_hd.o(.text)
    DMA1_Channel6_IRQHandler                 0x0800015f   Thumb Code     0  startup_stm32f10x_hd.o(.text)
    DMA1_Channel7_IRQHandler                 0x0800015f   Thumb Code     0  startup_stm32f10x_hd.o(.text)
    DMA2_Channel1_IRQHandler                 0x0800015f   Thumb Code     0  startup_stm32f10x_hd.o(.text)
    DMA2_Channel2_IRQHandler                 0x0800015f   Thumb Code     0  startup_stm32f10x_hd.o(.text)
    DMA2_Channel3_IRQHandler                 0x0800015f   Thumb Code     0  startup_stm32f10x_hd.o(.text)
    DMA2_Channel4_5_IRQHandler               0x0800015f   Thumb Code     0  startup_stm32f10x_hd.o(.text)
    EXTI0_IRQHandler                         0x0800015f   Thumb Code     0  startup_stm32f10x_hd.o(.text)
    EXTI1_IRQHandler                         0x0800015f   Thumb Code     0  startup_stm32f10x_hd.o(.text)
    EXTI2_IRQHandler                         0x0800015f   Thumb Code     0  startup_stm32f10x_hd.o(.text)
    EXTI3_IRQHandler                         0x0800015f   Thumb Code     0  startup_stm32f10x_hd.o(.text)
    EXTI4_IRQHandler                         0x0800015f   Thumb Code     0  startup_stm32f10x_hd.o(.text)
    FLASH_IRQHandler                         0x0800015f   Thumb Code     0  startup_stm32f10x_hd.o(.text)
    FSMC_IRQHandler                          0x0800015f   Thumb Code     0  startup_stm32f10x_hd.o(.text)
    I2C1_ER_IRQHandler                       0x0800015f   Thumb Code     0  startup_stm32f10x_hd.o(.text)
    I2C1_EV_IRQHandler                       0x0800015f   Thumb Code     0  startup_stm32f10x_hd.o(.text)
    I2C2_ER_IRQHandler                       0x0800015f   Thumb Code     0  startup_stm32f10x_hd.o(.text)
    I2C2_EV_IRQHandler                       0x0800015f   Thumb Code     0  startup_stm32f10x_hd.o(.text)
    PVD_IRQHandler                           0x0800015f   Thumb Code     0  startup_stm32f10x_hd.o(.text)
    RCC_IRQHandler                           0x0800015f   Thumb Code     0  startup_stm32f10x_hd.o(.text)
    RTCAlarm_IRQHandler                      0x0800015f   Thumb Code     0  startup_stm32f10x_hd.o(.text)
    RTC_IRQHandler                           0x0800015f   Thumb Code     0  startup_stm32f10x_hd.o(.text)
    SDIO_IRQHandler                          0x0800015f   Thumb Code     0  startup_stm32f10x_hd.o(.text)
    SPI1_IRQHandler                          0x0800015f   Thumb Code     0  startup_stm32f10x_hd.o(.text)
    SPI2_IRQHandler                          0x0800015f   Thumb Code     0  startup_stm32f10x_hd.o(.text)
    SPI3_IRQHandler                          0x0800015f   Thumb Code     0  startup_stm32f10x_hd.o(.text)
    TAMPER_IRQHandler                        0x0800015f   Thumb Code     0  startup_stm32f10x_hd.o(.text)
    TIM1_BRK_IRQHandler                      0x0800015f   Thumb Code     0  startup_stm32f10x_hd.o(.text)
    TIM1_CC_IRQHandler                       0x0800015f   Thumb Code     0  startup_stm32f10x_hd.o(.text)
    TIM1_TRG_COM_IRQHandler                  0x0800015f   Thumb Code     0  startup_stm32f10x_hd.o(.text)
    TIM2_IRQHandler                          0x0800015f   Thumb Code     0  startup_stm32f10x_hd.o(.text)
    TIM3_IRQHandler                          0x0800015f   Thumb Code     0  startup_stm32f10x_hd.o(.text)
    TIM5_IRQHandler                          0x0800015f   Thumb Code     0  startup_stm32f10x_hd.o(.text)
    TIM6_IRQHandler                          0x0800015f   Thumb Code     0  startup_stm32f10x_hd.o(.text)
    TIM7_IRQHandler                          0x0800015f   Thumb Code     0  startup_stm32f10x_hd.o(.text)
    TIM8_BRK_IRQHandler                      0x0800015f   Thumb Code     0  startup_stm32f10x_hd.o(.text)
    TIM8_CC_IRQHandler                       0x0800015f   Thumb Code     0  startup_stm32f10x_hd.o(.text)
    TIM8_TRG_COM_IRQHandler                  0x0800015f   Thumb Code     0  startup_stm32f10x_hd.o(.text)
    TIM8_UP_IRQHandler                       0x0800015f   Thumb Code     0  startup_stm32f10x_hd.o(.text)
    UART4_IRQHandler                         0x0800015f   Thumb Code     0  startup_stm32f10x_hd.o(.text)
    UART5_IRQHandler                         0x0800015f   Thumb Code     0  startup_stm32f10x_hd.o(.text)
    USART2_IRQHandler                        0x0800015f   Thumb Code     0  startup_stm32f10x_hd.o(.text)
    USART3_IRQHandler                        0x0800015f   Thumb Code     0  startup_stm32f10x_hd.o(.text)
    USBWakeUp_IRQHandler                     0x0800015f   Thumb Code     0  startup_stm32f10x_hd.o(.text)
    USB_HP_CAN1_TX_IRQHandler                0x0800015f   Thumb Code     0  startup_stm32f10x_hd.o(.text)
    USB_LP_CAN1_RX0_IRQHandler               0x0800015f   Thumb Code     0  startup_stm32f10x_hd.o(.text)
    WWDG_IRQHandler                          0x0800015f   Thumb Code     0  startup_stm32f10x_hd.o(.text)
    __aeabi_ldivmod                          0x08000169   Thumb Code    98  ldiv.o(.text)
    __aeabi_fadd                             0x080001cb   Thumb Code   164  fadd.o(.text)
    __aeabi_fsub                             0x0800026f   Thumb Code     6  fadd.o(.text)
    __aeabi_frsub                            0x08000275   Thumb Code     6  fadd.o(.text)
    __aeabi_fmul                             0x0800027b   Thumb Code   100  fmul.o(.text)
    __aeabi_fdiv                             0x080002df   Thumb Code   124  fdiv.o(.text)
    __aeabi_dadd                             0x0800035b   Thumb Code   322  dadd.o(.text)
    __aeabi_dsub                             0x0800049d   Thumb Code     6  dadd.o(.text)
    __aeabi_drsub                            0x080004a3   Thumb Code     6  dadd.o(.text)
    __aeabi_dmul                             0x080004a9   Thumb Code   228  dmul.o(.text)
    __aeabi_ddiv                             0x0800058d   Thumb Code   222  ddiv.o(.text)
    __aeabi_i2f                              0x0800066b   Thumb Code    18  fflti.o(.text)
    __aeabi_ui2f                             0x0800067d   Thumb Code    10  ffltui.o(.text)
    __aeabi_ui2d                             0x08000687   Thumb Code    26  dfltui.o(.text)
    __aeabi_f2iz                             0x080006a1   Thumb Code    50  ffixi.o(.text)
    __aeabi_f2lz                             0x080006d3   Thumb Code    66  ffixl.o(.text)
    __aeabi_d2iz                             0x08000715   Thumb Code    62  dfixi.o(.text)
    __aeabi_f2d                              0x08000753   Thumb Code    38  f2d.o(.text)
    __aeabi_d2f                              0x08000779   Thumb Code    56  d2f.o(.text)
    __aeabi_cfcmpeq                          0x080007b1   Thumb Code     0  cfcmple.o(.text)
    __aeabi_cfcmple                          0x080007b1   Thumb Code    20  cfcmple.o(.text)
    __aeabi_cfrcmple                         0x080007c5   Thumb Code    20  cfrcmple.o(.text)
    __aeabi_uidiv                            0x080007d9   Thumb Code     0  uidiv.o(.text)
    __aeabi_uidivmod                         0x080007d9   Thumb Code    44  uidiv.o(.text)
    __aeabi_uldivmod                         0x08000805   Thumb Code    98  uldiv.o(.text)
    __aeabi_llsl                             0x08000867   Thumb Code    30  llshl.o(.text)
    _ll_shift_l                              0x08000867   Thumb Code     0  llshl.o(.text)
    __aeabi_llsr                             0x08000885   Thumb Code    32  llushr.o(.text)
    _ll_ushift_r                             0x08000885   Thumb Code     0  llushr.o(.text)
    __aeabi_lasr                             0x080008a5   Thumb Code    36  llsshr.o(.text)
    _ll_sshift_r                             0x080008a5   Thumb Code     0  llsshr.o(.text)
    __I$use$fp                               0x080008c9   Thumb Code     0  iusefp.o(.text)
    _float_round                             0x080008c9   Thumb Code    18  fepilogue.o(.text)
    _float_epilogue                          0x080008db   Thumb Code    92  fepilogue.o(.text)
    _double_round                            0x08000937   Thumb Code    30  depilogue.o(.text)
    _double_epilogue                         0x08000955   Thumb Code   156  depilogue.o(.text)
    __aeabi_d2ulz                            0x080009f1   Thumb Code    48  dfixul.o(.text)
    __aeabi_cdrcmple                         0x08000a21   Thumb Code    48  cdrcmple.o(.text)
    __scatterload                            0x08000a51   Thumb Code    28  init.o(.text)
    __scatterload_rt2                        0x08000a51   Thumb Code     0  init.o(.text)
    __decompress                             0x08000a75   Thumb Code     0  __dczerorl2.o(.text)
    __decompress1                            0x08000a75   Thumb Code    86  __dczerorl2.o(.text)
    ADC_Cmd                                  0x08000acb   Thumb Code    22  stm32f10x_adc.o(i.ADC_Cmd)
    ADC_DeInit                               0x08000ae1   Thumb Code    78  stm32f10x_adc.o(i.ADC_DeInit)
    ADC_GetCalibrationStatus                 0x08000b3d   Thumb Code    20  stm32f10x_adc.o(i.ADC_GetCalibrationStatus)
    ADC_GetConversionValue                   0x08000b51   Thumb Code     8  stm32f10x_adc.o(i.ADC_GetConversionValue)
    ADC_GetFlagStatus                        0x08000b59   Thumb Code    18  stm32f10x_adc.o(i.ADC_GetFlagStatus)
    ADC_GetResetCalibrationStatus            0x08000b6b   Thumb Code    20  stm32f10x_adc.o(i.ADC_GetResetCalibrationStatus)
    ADC_Init                                 0x08000b81   Thumb Code    70  stm32f10x_adc.o(i.ADC_Init)
    ADC_RegularChannelConfig                 0x08000bd1   Thumb Code   184  stm32f10x_adc.o(i.ADC_RegularChannelConfig)
    ADC_ResetCalibration                     0x08000c89   Thumb Code    10  stm32f10x_adc.o(i.ADC_ResetCalibration)
    ADC_SoftwareStartConvCmd                 0x08000c93   Thumb Code    22  stm32f10x_adc.o(i.ADC_SoftwareStartConvCmd)
    ADC_StartCalibration                     0x08000ca9   Thumb Code    10  stm32f10x_adc.o(i.ADC_StartCalibration)
    Adc_Init                                 0x08000cb5   Thumb Code   218  adc.o(i.Adc_Init)
    BKP_TamperPinCmd                         0x08000d9d   Thumb Code     6  stm32f10x_bkp.o(i.BKP_TamperPinCmd)
    BusFault_Handler                         0x08000da9   Thumb Code     4  stm32f10x_it.o(i.BusFault_Handler)
    DataScope                                0x08000dad   Thumb Code   146  show.o(i.DataScope)
    DataScope_Data_Generate                  0x08000e69   Thumb Code   148  datascope_dp.o(i.DataScope_Data_Generate)
    DataScope_Get_Channel_Data               0x08000f01   Thumb Code   158  datascope_dp.o(i.DataScope_Get_Channel_Data)
    DebugMon_Handler                         0x08000fa5   Thumb Code     2  stm32f10x_it.o(i.DebugMon_Handler)
    EXTI15_10_IRQHandler                     0x08000fa9   Thumb Code   360  exti.o(i.EXTI15_10_IRQHandler)
    EXTI9_5_IRQHandler                       0x0800113d   Thumb Code   104  exti.o(i.EXTI9_5_IRQHandler)
    EXTI_ClearITPendingBit                   0x080011b5   Thumb Code     6  stm32f10x_exti.o(i.EXTI_ClearITPendingBit)
    EXTI_Init                                0x080011c1   Thumb Code   142  stm32f10x_exti.o(i.EXTI_Init)
    Encoder_Init_TIM4                        0x08001255   Thumb Code   150  encoder.o(i.Encoder_Init_TIM4)
    Float2Byte                               0x080012f5   Thumb Code    28  datascope_dp.o(i.Float2Byte)
    GPIO_EXTILineConfig                      0x08001311   Thumb Code    60  stm32f10x_gpio.o(i.GPIO_EXTILineConfig)
    GPIO_Init                                0x08001351   Thumb Code   278  stm32f10x_gpio.o(i.GPIO_Init)
    GPIO_ResetBits                           0x08001467   Thumb Code     4  stm32f10x_gpio.o(i.GPIO_ResetBits)
    GPIO_SetBits                             0x0800146b   Thumb Code     4  stm32f10x_gpio.o(i.GPIO_SetBits)
    Get_Adc                                  0x08001471   Thumb Code    68  adc.o(i.Get_Adc)
    Get_Adc2                                 0x080014b9   Thumb Code    68  adc.o(i.Get_Adc2)
    Get_Adc_Average                          0x08001501   Thumb Code    46  adc.o(i.Get_Adc_Average)
    Get_Adc_Average_Angle                    0x08001531   Thumb Code    34  adc.o(i.Get_Adc_Average_Angle)
    Get_Adc_Average_Speed                    0x08001559   Thumb Code    68  adc.o(i.Get_Adc_Average_Speed)
    Get_D_Angle_Balance                      0x080015a9   Thumb Code    66  control.o(i.Get_D_Angle_Balance)
    Get_battery_volt                         0x080015fd   Thumb Code    90  adc.o(i.Get_battery_volt)
    HardFault_Handler                        0x0800166d   Thumb Code     4  stm32f10x_it.o(i.HardFault_Handler)
    JTAG_Set                                 0x08001671   Thumb Code    38  sys.o(i.JTAG_Set)
    KEY_Init                                 0x080016a1   Thumb Code    34  key.o(i.KEY_Init)
    Key                                      0x080016c9   Thumb Code   202  control.o(i.Key)
    LED_Init                                 0x080017b1   Thumb Code    44  led.o(i.LED_Init)
    Long_Press                               0x080017e1   Thumb Code    72  key.o(i.Long_Press)
    Long_Press_KEY2                          0x08001835   Thumb Code    72  key.o(i.Long_Press_KEY2)
    Mean_Filter                              0x08001889   Thumb Code    74  control.o(i.Mean_Filter)
    MemManage_Handler                        0x080018d9   Thumb Code     4  stm32f10x_it.o(i.MemManage_Handler)
    MiniBalance_EXTI_Init                    0x080018dd   Thumb Code   220  exti.o(i.MiniBalance_EXTI_Init)
    MiniBalance_Motor_Init                   0x080019b9   Thumb Code    50  motor.o(i.MiniBalance_Motor_Init)
    MiniBalance_PWM_Init                     0x080019f1   Thumb Code   148  motor.o(i.MiniBalance_PWM_Init)
    NMI_Handler                              0x08001a8d   Thumb Code     2  stm32f10x_it.o(i.NMI_Handler)
    NVIC_Init                                0x08001a91   Thumb Code   100  misc.o(i.NVIC_Init)
    NVIC_PriorityGroupConfig                 0x08001b01   Thumb Code    10  misc.o(i.NVIC_PriorityGroupConfig)
    OLED_Clear                               0x08001b15   Thumb Code    42  oled.o(i.OLED_Clear)
    OLED_DrawPoint                           0x08001b45   Thumb Code   100  oled.o(i.OLED_DrawPoint)
    OLED_Init                                0x08001bad   Thumb Code   322  oled.o(i.OLED_Init)
    OLED_Refresh_Gram                        0x08001d01   Thumb Code    70  oled.o(i.OLED_Refresh_Gram)
    OLED_ShowChar                            0x08001d4d   Thumb Code   158  oled.o(i.OLED_ShowChar)
    OLED_ShowChinese                         0x08001df5   Thumb Code   126  oled.o(i.OLED_ShowChinese)
    OLED_ShowChinese_12                      0x08001e79   Thumb Code   130  oled.o(i.OLED_ShowChinese_12)
    OLED_ShowNumber                          0x08001f01   Thumb Code   230  oled.o(i.OLED_ShowNumber)
    OLED_ShowString                          0x08001fe7   Thumb Code    68  oled.o(i.OLED_ShowString)
    OLED_WR_Byte                             0x0800202d   Thumb Code    78  oled.o(i.OLED_WR_Byte)
    PWR_BackupAccessCmd                      0x08002085   Thumb Code     6  stm32f10x_pwr.o(i.PWR_BackupAccessCmd)
    PendSV_Handler                           0x08002091   Thumb Code     2  stm32f10x_it.o(i.PendSV_Handler)
    RCC_ADCCLKConfig                         0x08002095   Thumb Code    18  stm32f10x_rcc.o(i.RCC_ADCCLKConfig)
    RCC_APB1PeriphClockCmd                   0x080020ad   Thumb Code    26  stm32f10x_rcc.o(i.RCC_APB1PeriphClockCmd)
    RCC_APB2PeriphClockCmd                   0x080020cd   Thumb Code    26  stm32f10x_rcc.o(i.RCC_APB2PeriphClockCmd)
    RCC_APB2PeriphResetCmd                   0x080020ed   Thumb Code    26  stm32f10x_rcc.o(i.RCC_APB2PeriphResetCmd)
    RCC_GetClocksFreq                        0x0800210d   Thumb Code   192  stm32f10x_rcc.o(i.RCC_GetClocksFreq)
    RCC_LSEConfig                            0x080021e1   Thumb Code    46  stm32f10x_rcc.o(i.RCC_LSEConfig)
    Read_Encoder                             0x08002215   Thumb Code    50  encoder.o(i.Read_Encoder)
    Read_Encoder_Angle                       0x08002251   Thumb Code    54  encoder.o(i.Read_Encoder_Angle)
    Read_Encoder_Speed                       0x08002295   Thumb Code    84  encoder.o(i.Read_Encoder_Speed)
    SVC_Handler                              0x080022fd   Thumb Code     2  stm32f10x_it.o(i.SVC_Handler)
    Set_Pwm                                  0x080023e9   Thumb Code    50  control.o(i.Set_Pwm)
    SysTick_CLKSourceConfig                  0x08002429   Thumb Code    40  misc.o(i.SysTick_CLKSourceConfig)
    SysTick_Handler                          0x08002451   Thumb Code     2  stm32f10x_it.o(i.SysTick_Handler)
    SystemInit                               0x08002455   Thumb Code    78  system_stm32f10x.o(i.SystemInit)
    TIM1_UP_IRQHandler                       0x080026f5   Thumb Code   250  control.o(i.TIM1_UP_IRQHandler)
    TIM4_IRQHandler                          0x08002835   Thumb Code    18  encoder.o(i.TIM4_IRQHandler)
    TIM_ARRPreloadConfig                     0x0800284d   Thumb Code    24  stm32f10x_tim.o(i.TIM_ARRPreloadConfig)
    TIM_ClearFlag                            0x08002865   Thumb Code     6  stm32f10x_tim.o(i.TIM_ClearFlag)
    TIM_ClearITPendingBit                    0x0800286b   Thumb Code     6  stm32f10x_tim.o(i.TIM_ClearITPendingBit)
    TIM_Cmd                                  0x08002871   Thumb Code    24  stm32f10x_tim.o(i.TIM_Cmd)
    TIM_EncoderInterfaceConfig               0x08002889   Thumb Code    66  stm32f10x_tim.o(i.TIM_EncoderInterfaceConfig)
    TIM_GetITStatus                          0x080028cb   Thumb Code    34  stm32f10x_tim.o(i.TIM_GetITStatus)
    TIM_ICInit                               0x080028ed   Thumb Code   150  stm32f10x_tim.o(i.TIM_ICInit)
    TIM_ICStructInit                         0x08002999   Thumb Code    18  stm32f10x_tim.o(i.TIM_ICStructInit)
    TIM_ITConfig                             0x080029ab   Thumb Code    18  stm32f10x_tim.o(i.TIM_ITConfig)
    TIM_OC4Init                              0x080029bd   Thumb Code   114  stm32f10x_tim.o(i.TIM_OC4Init)
    TIM_OC4PreloadConfig                     0x08002a39   Thumb Code    26  stm32f10x_tim.o(i.TIM_OC4PreloadConfig)
    TIM_SetCounter                           0x08002a53   Thumb Code     4  stm32f10x_tim.o(i.TIM_SetCounter)
    TIM_SetIC1Prescaler                      0x08002a57   Thumb Code    18  stm32f10x_tim.o(i.TIM_SetIC1Prescaler)
    TIM_SetIC2Prescaler                      0x08002a69   Thumb Code    26  stm32f10x_tim.o(i.TIM_SetIC2Prescaler)
    TIM_SetIC3Prescaler                      0x08002a83   Thumb Code    18  stm32f10x_tim.o(i.TIM_SetIC3Prescaler)
    TIM_SetIC4Prescaler                      0x08002a95   Thumb Code    26  stm32f10x_tim.o(i.TIM_SetIC4Prescaler)
    TIM_TimeBaseInit                         0x08002ab1   Thumb Code   122  stm32f10x_tim.o(i.TIM_TimeBaseInit)
    TIM_TimeBaseStructInit                   0x08002b55   Thumb Code    18  stm32f10x_tim.o(i.TIM_TimeBaseStructInit)
    Timer1_Init                              0x08002b69   Thumb Code    88  timer.o(i.Timer1_Init)
    Tips                                     0x08002bc5   Thumb Code   616  check.o(i.Tips)
    USART1_IRQHandler                        0x08002e55   Thumb Code    26  usart.o(i.USART1_IRQHandler)
    USART_Cmd                                0x08002e79   Thumb Code    24  stm32f10x_usart.o(i.USART_Cmd)
    USART_GetFlagStatus                      0x08002e91   Thumb Code    26  stm32f10x_usart.o(i.USART_GetFlagStatus)
    USART_GetITStatus                        0x08002eab   Thumb Code    84  stm32f10x_usart.o(i.USART_GetITStatus)
    USART_ITConfig                           0x08002eff   Thumb Code    74  stm32f10x_usart.o(i.USART_ITConfig)
    USART_Init                               0x08002f49   Thumb Code   210  stm32f10x_usart.o(i.USART_Init)
    USART_ReceiveData                        0x08003021   Thumb Code    10  stm32f10x_usart.o(i.USART_ReceiveData)
    USART_SendData                           0x0800302b   Thumb Code     8  stm32f10x_usart.o(i.USART_SendData)
    UsageFault_Handler                       0x08003033   Thumb Code     4  stm32f10x_it.o(i.UsageFault_Handler)
    Usart_SendByte                           0x08003037   Thumb Code    30  usart.o(i.Usart_SendByte)
    Usart_SendString                         0x08003055   Thumb Code    42  usart.o(i.Usart_SendString)
    Xianfu_Pwm                               0x08003081   Thumb Code    34  control.o(i.Xianfu_Pwm)
    __0sprintf                               0x080030a9   Thumb Code    34  printfa.o(i.__0sprintf)
    __1sprintf                               0x080030a9   Thumb Code     0  printfa.o(i.__0sprintf)
    __2sprintf                               0x080030a9   Thumb Code     0  printfa.o(i.__0sprintf)
    __c89sprintf                             0x080030a9   Thumb Code     0  printfa.o(i.__0sprintf)
    sprintf                                  0x080030a9   Thumb Code     0  printfa.o(i.__0sprintf)
    __scatterload_copy                       0x080030d1   Thumb Code    14  handlers.o(i.__scatterload_copy)
    __scatterload_null                       0x080030df   Thumb Code     2  handlers.o(i.__scatterload_null)
    __scatterload_zeroinit                   0x080030e1   Thumb Code    14  handlers.o(i.__scatterload_zeroinit)
    check_display                            0x080039ad   Thumb Code   362  show.o(i.check_display)
    click                                    0x08003b1d   Thumb Code    86  key.o(i.click)
    click_N_Double                           0x08003b7d   Thumb Code   184  key.o(i.click_N_Double)
    delay_init                               0x08003c4d   Thumb Code    50  delay.o(i.delay_init)
    delay_ms                                 0x08003c91   Thumb Code    72  delay.o(i.delay_ms)
    delay_us                                 0x08003cdd   Thumb Code    72  delay.o(i.delay_us)
    fail_display                             0x08003d29   Thumb Code   128  show.o(i.fail_display)
    main                                     0x08003da9   Thumb Code   146  main.o(i.main)
    myabs                                    0x08003e5d   Thumb Code    14  control.o(i.myabs)
    oled_pow                                 0x08003e6b   Thumb Code    22  oled.o(i.oled_pow)
    oled_show                                0x08003e81   Thumb Code   424  show.o(i.oled_show)
    show_Tips                                0x0800408d   Thumb Code   380  show.o(i.show_Tips)
    step_0                                   0x08004209   Thumb Code   452  show.o(i.step_0)
    step_1                                   0x080043cd   Thumb Code   440  show.o(i.step_1)
    step_2                                   0x08004585   Thumb Code   476  show.o(i.step_2)
    step_3                                   0x08004761   Thumb Code   290  show.o(i.step_3)
    success_display                          0x08004889   Thumb Code   176  show.o(i.success_display)
    uart_init                                0x08004939   Thumb Code   150  usart.o(i.uart_init)
    oled_asc2_1206                           0x080049d8   Data        1140  oled.o(.constdata)
    oled_asc2_1608                           0x08004e4c   Data        1520  oled.o(.constdata)
    asc2_Chinese                             0x0800543c   Data        2816  oled.o(.constdata)
    asc2_Chinese_12                          0x08005f3c   Data       11760  oled.o(.constdata)
    Region$$Table$$Base                      0x08008d7c   Number         0  anon$$obj.o(Region$$Table)
    Region$$Table$$Limit                     0x08008d9c   Number         0  anon$$obj.o(Region$$Table)
    Flag_Stop                                0x20000000   Data           1  main.o(.data)
    delay_50                                 0x20000001   Data           1  main.o(.data)
    delay_flag                               0x20000002   Data           1  main.o(.data)
    system_start                             0x20000003   Data           1  main.o(.data)
    tips_flag                                0x20000004   Data           1  main.o(.data)
    Encoder                                  0x20000008   Data           4  main.o(.data)
    Position_Zero                            0x2000000c   Data           4  main.o(.data)
    Moto                                     0x20000010   Data           4  main.o(.data)
    Voltage                                  0x20000014   Data           4  main.o(.data)
    Angle_Balance                            0x20000018   Data           4  main.o(.data)
    motor_position                           0x2000001c   Data           4  main.o(.data)
    motor_velocity                           0x20000020   Data           4  main.o(.data)
    sensor_position                          0x20000024   Data           4  main.o(.data)
    sensor_velocity                          0x20000028   Data           4  main.o(.data)
    Balance_KP                               0x2000002c   Data           4  main.o(.data)
    Balance_KD                               0x20000030   Data           4  main.o(.data)
    Position_KP                              0x20000034   Data           4  main.o(.data)
    Position_KD                              0x20000038   Data           4  main.o(.data)
    Menu                                     0x2000003c   Data           4  main.o(.data)
    Amplitude1                               0x20000040   Data           4  main.o(.data)
    Amplitude2                               0x20000044   Data           4  main.o(.data)
    Amplitude3                               0x20000048   Data           4  main.o(.data)
    Amplitude4                               0x2000004c   Data           4  main.o(.data)
    receive_str                              0x20000050   Data           2  main.o(.data)
    last_Adc_Average                         0x20000054   Data           4  main.o(.data)
    last_Encoder_TIM                         0x20000058   Data           4  main.o(.data)
    SystemCoreClock                          0x2000005c   Data           4  system_stm32f10x.o(.data)
    AHBPrescTable                            0x20000060   Data          16  system_stm32f10x.o(.data)
    Res                                      0x20000088   Data           4  usart.o(.data)
    action                                   0x20000090   Data           8  usart.o(.data)
    __stdout                                 0x20000098   Data           4  usart.o(.data)
    USART_RX_STA                             0x2000009c   Data           2  usart.o(.data)
    Balance_Pwm                              0x200000b0   Data           4  control.o(.data)
    Position_Pwm                             0x200000b4   Data           4  control.o(.data)
    Position_Target                          0x200000b8   Data           1  control.o(.data)
    Swing_up                                 0x200000b9   Data           1  control.o(.data)
    Bias                                     0x200000bc   Data           4  control.o(.data)
    Last_Bias                                0x200000c0   Data           4  control.o(.data)
    D_Bias                                   0x200000c4   Data           4  control.o(.data)
    balance                                  0x200000c8   Data           4  control.o(.data)
    Position_PWM                             0x200000cc   Data           4  control.o(.data)
    Last_Position                            0x200000d0   Data           4  control.o(.data)
    Position_Bias                            0x200000d4   Data           4  control.o(.data)
    Position_Differential                    0x200000d8   Data           4  control.o(.data)
    Position_Least                           0x200000dc   Data           4  control.o(.data)
    auto_run                                 0x200000e0   Data           1  control.o(.data)
    autorun_step0                            0x200000e1   Data           1  control.o(.data)
    autorun_step1                            0x200000e2   Data           1  control.o(.data)
    autorun_step2                            0x200000e3   Data           1  control.o(.data)
    Target_Position                          0x200000e4   Data           4  control.o(.data)
    D_Angle_Balance                          0x200000e8   Data           4  control.o(.data)
    success_count                            0x200000ec   Data           4  control.o(.data)
    success_flag                             0x200000f0   Data           1  control.o(.data)
    wait_count                               0x200000f4   Data           4  control.o(.data)
    D_Count                                  0x200000f8   Data           4  control.o(.data)
    Last_Angle_Balance                       0x200000fc   Data           4  control.o(.data)
    left                                     0x20000100   Data           1  control.o(.data)
    right                                    0x20000101   Data           1  control.o(.data)
    i                                        0x2000013c   Data           1  show.o(.data)
    temp                                     0x2000013d   Data           1  show.o(.data)
    Send_Count                               0x2000013e   Data           1  show.o(.data)
    Vol                                      0x20000140   Data           4  show.o(.data)
    OLED_GRAM                                0x20000148   Data        1024  oled.o(.bss)
    motor_position_str                       0x20000548   Data          20  control.o(.bss)
    motor_velocity_str                       0x2000055c   Data          20  control.o(.bss)
    sensor_position_str                      0x20000570   Data          20  control.o(.bss)
    sensor_velocity_str                      0x20000584   Data          20  control.o(.bss)
    data_str                                 0x20000598   Data         100  control.o(.bss)
    DataScope_OutPut_Buffer                  0x200005fc   Data          42  datascope_dp.o(.bss)
    __initial_sp                             0x20000a28   Data           0  startup_stm32f10x_hd.o(STACK)



==============================================================================

Memory Map of the image

  Image Entry point : 0x08000131

  Load Region LR_IROM1 (Base: 0x08000000, Size: 0x00008ee4, Max: 0x00010000, ABSOLUTE, COMPRESSED[0x00008ddc])

    Execution Region ER_IROM1 (Exec base: 0x08000000, Load base: 0x08000000, Size: 0x00008d9c, Max: 0x00010000, ABSOLUTE)

    Exec Addr    Load Addr    Size         Type   Attr      Idx    E Section Name        Object

    0x08000000   0x08000000   0x00000130   Data   RO          265    RESET               startup_stm32f10x_hd.o
    0x08000130   0x08000130   0x00000000   Code   RO         3918  * .ARM.Collect$$$$00000000  mc_w.l(entry.o)
    0x08000130   0x08000130   0x00000004   Code   RO         4216    .ARM.Collect$$$$00000001  mc_w.l(entry2.o)
    0x08000134   0x08000134   0x00000004   Code   RO         4219    .ARM.Collect$$$$00000004  mc_w.l(entry5.o)
    0x08000138   0x08000138   0x00000000   Code   RO         4221    .ARM.Collect$$$$00000008  mc_w.l(entry7b.o)
    0x08000138   0x08000138   0x00000000   Code   RO         4223    .ARM.Collect$$$$0000000A  mc_w.l(entry8b.o)
    0x08000138   0x08000138   0x00000008   Code   RO         4224    .ARM.Collect$$$$0000000B  mc_w.l(entry9a.o)
    0x08000140   0x08000140   0x00000000   Code   RO         4226    .ARM.Collect$$$$0000000D  mc_w.l(entry10a.o)
    0x08000140   0x08000140   0x00000000   Code   RO         4228    .ARM.Collect$$$$0000000F  mc_w.l(entry11a.o)
    0x08000140   0x08000140   0x00000004   Code   RO         4217    .ARM.Collect$$$$00002712  mc_w.l(entry2.o)
    0x08000144   0x08000144   0x00000024   Code   RO          266    .text               startup_stm32f10x_hd.o
    0x08000168   0x08000168   0x00000062   Code   RO         3921    .text               mc_w.l(ldiv.o)
    0x080001ca   0x080001ca   0x000000b0   Code   RO         4184    .text               mf_w.l(fadd.o)
    0x0800027a   0x0800027a   0x00000064   Code   RO         4186    .text               mf_w.l(fmul.o)
    0x080002de   0x080002de   0x0000007c   Code   RO         4188    .text               mf_w.l(fdiv.o)
    0x0800035a   0x0800035a   0x0000014e   Code   RO         4190    .text               mf_w.l(dadd.o)
    0x080004a8   0x080004a8   0x000000e4   Code   RO         4192    .text               mf_w.l(dmul.o)
    0x0800058c   0x0800058c   0x000000de   Code   RO         4194    .text               mf_w.l(ddiv.o)
    0x0800066a   0x0800066a   0x00000012   Code   RO         4196    .text               mf_w.l(fflti.o)
    0x0800067c   0x0800067c   0x0000000a   Code   RO         4198    .text               mf_w.l(ffltui.o)
    0x08000686   0x08000686   0x0000001a   Code   RO         4200    .text               mf_w.l(dfltui.o)
    0x080006a0   0x080006a0   0x00000032   Code   RO         4202    .text               mf_w.l(ffixi.o)
    0x080006d2   0x080006d2   0x00000042   Code   RO         4204    .text               mf_w.l(ffixl.o)
    0x08000714   0x08000714   0x0000003e   Code   RO         4206    .text               mf_w.l(dfixi.o)
    0x08000752   0x08000752   0x00000026   Code   RO         4208    .text               mf_w.l(f2d.o)
    0x08000778   0x08000778   0x00000038   Code   RO         4210    .text               mf_w.l(d2f.o)
    0x080007b0   0x080007b0   0x00000014   Code   RO         4212    .text               mf_w.l(cfcmple.o)
    0x080007c4   0x080007c4   0x00000014   Code   RO         4214    .text               mf_w.l(cfrcmple.o)
    0x080007d8   0x080007d8   0x0000002c   Code   RO         4230    .text               mc_w.l(uidiv.o)
    0x08000804   0x08000804   0x00000062   Code   RO         4232    .text               mc_w.l(uldiv.o)
    0x08000866   0x08000866   0x0000001e   Code   RO         4234    .text               mc_w.l(llshl.o)
    0x08000884   0x08000884   0x00000020   Code   RO         4236    .text               mc_w.l(llushr.o)
    0x080008a4   0x080008a4   0x00000024   Code   RO         4238    .text               mc_w.l(llsshr.o)
    0x080008c8   0x080008c8   0x00000000   Code   RO         4240    .text               mc_w.l(iusefp.o)
    0x080008c8   0x080008c8   0x0000006e   Code   RO         4241    .text               mf_w.l(fepilogue.o)
    0x08000936   0x08000936   0x000000ba   Code   RO         4243    .text               mf_w.l(depilogue.o)
    0x080009f0   0x080009f0   0x00000030   Code   RO         4245    .text               mf_w.l(dfixul.o)
    0x08000a20   0x08000a20   0x00000030   Code   RO         4247    .text               mf_w.l(cdrcmple.o)
    0x08000a50   0x08000a50   0x00000024   Code   RO         4249    .text               mc_w.l(init.o)
    0x08000a74   0x08000a74   0x00000056   Code   RO         4259    .text               mc_w.l(__dczerorl2.o)
    0x08000aca   0x08000aca   0x00000016   Code   RO          338    i.ADC_Cmd           stm32f10x_adc.o
    0x08000ae0   0x08000ae0   0x0000005c   Code   RO          340    i.ADC_DeInit        stm32f10x_adc.o
    0x08000b3c   0x08000b3c   0x00000014   Code   RO          346    i.ADC_GetCalibrationStatus  stm32f10x_adc.o
    0x08000b50   0x08000b50   0x00000008   Code   RO          347    i.ADC_GetConversionValue  stm32f10x_adc.o
    0x08000b58   0x08000b58   0x00000012   Code   RO          349    i.ADC_GetFlagStatus  stm32f10x_adc.o
    0x08000b6a   0x08000b6a   0x00000014   Code   RO          352    i.ADC_GetResetCalibrationStatus  stm32f10x_adc.o
    0x08000b7e   0x08000b7e   0x00000002   PAD
    0x08000b80   0x08000b80   0x00000050   Code   RO          356    i.ADC_Init          stm32f10x_adc.o
    0x08000bd0   0x08000bd0   0x000000b8   Code   RO          360    i.ADC_RegularChannelConfig  stm32f10x_adc.o
    0x08000c88   0x08000c88   0x0000000a   Code   RO          361    i.ADC_ResetCalibration  stm32f10x_adc.o
    0x08000c92   0x08000c92   0x00000016   Code   RO          363    i.ADC_SoftwareStartConvCmd  stm32f10x_adc.o
    0x08000ca8   0x08000ca8   0x0000000a   Code   RO          365    i.ADC_StartCalibration  stm32f10x_adc.o
    0x08000cb2   0x08000cb2   0x00000002   PAD
    0x08000cb4   0x08000cb4   0x000000e8   Code   RO         3554    i.Adc_Init          adc.o
    0x08000d9c   0x08000d9c   0x0000000c   Code   RO          563    i.BKP_TamperPinCmd  stm32f10x_bkp.o
    0x08000da8   0x08000da8   0x00000004   Code   RO          155    i.BusFault_Handler  stm32f10x_it.o
    0x08000dac   0x08000dac   0x000000bc   Code   RO         3805    i.DataScope         show.o
    0x08000e68   0x08000e68   0x00000098   Code   RO         3875    i.DataScope_Data_Generate  datascope_dp.o
    0x08000f00   0x08000f00   0x000000a4   Code   RO         3876    i.DataScope_Get_Channel_Data  datascope_dp.o
    0x08000fa4   0x08000fa4   0x00000002   Code   RO          156    i.DebugMon_Handler  stm32f10x_it.o
    0x08000fa6   0x08000fa6   0x00000002   PAD
    0x08000fa8   0x08000fa8   0x00000194   Code   RO         3670    i.EXTI15_10_IRQHandler  exti.o
    0x0800113c   0x0800113c   0x00000078   Code   RO         3671    i.EXTI9_5_IRQHandler  exti.o
    0x080011b4   0x080011b4   0x0000000c   Code   RO         1094    i.EXTI_ClearITPendingBit  stm32f10x_exti.o
    0x080011c0   0x080011c0   0x00000094   Code   RO         1099    i.EXTI_Init         stm32f10x_exti.o
    0x08001254   0x08001254   0x000000a0   Code   RO         3633    i.Encoder_Init_TIM4  encoder.o
    0x080012f4   0x080012f4   0x0000001c   Code   RO         3877    i.Float2Byte        datascope_dp.o
    0x08001310   0x08001310   0x00000040   Code   RO         1444    i.GPIO_EXTILineConfig  stm32f10x_gpio.o
    0x08001350   0x08001350   0x00000116   Code   RO         1447    i.GPIO_Init         stm32f10x_gpio.o
    0x08001466   0x08001466   0x00000004   Code   RO         1454    i.GPIO_ResetBits    stm32f10x_gpio.o
    0x0800146a   0x0800146a   0x00000004   Code   RO         1455    i.GPIO_SetBits      stm32f10x_gpio.o
    0x0800146e   0x0800146e   0x00000002   PAD
    0x08001470   0x08001470   0x00000048   Code   RO         3555    i.Get_Adc           adc.o
    0x080014b8   0x080014b8   0x00000048   Code   RO         3556    i.Get_Adc2          adc.o
    0x08001500   0x08001500   0x0000002e   Code   RO         3557    i.Get_Adc_Average   adc.o
    0x0800152e   0x0800152e   0x00000002   PAD
    0x08001530   0x08001530   0x00000028   Code   RO         3558    i.Get_Adc_Average_Angle  adc.o
    0x08001558   0x08001558   0x00000050   Code   RO         3559    i.Get_Adc_Average_Speed  adc.o
    0x080015a8   0x080015a8   0x00000054   Code   RO         3697    i.Get_D_Angle_Balance  control.o
    0x080015fc   0x080015fc   0x00000070   Code   RO         3560    i.Get_battery_volt  adc.o
    0x0800166c   0x0800166c   0x00000004   Code   RO          157    i.HardFault_Handler  stm32f10x_it.o
    0x08001670   0x08001670   0x00000030   Code   RO         3308    i.JTAG_Set          sys.o
    0x080016a0   0x080016a0   0x00000028   Code   RO         3423    i.KEY_Init          key.o
    0x080016c8   0x080016c8   0x000000e8   Code   RO         3699    i.Key               control.o
    0x080017b0   0x080017b0   0x00000030   Code   RO         3404    i.LED_Init          led.o
    0x080017e0   0x080017e0   0x00000054   Code   RO         3424    i.Long_Press        key.o
    0x08001834   0x08001834   0x00000054   Code   RO         3425    i.Long_Press_KEY2   key.o
    0x08001888   0x08001888   0x00000050   Code   RO         3700    i.Mean_Filter       control.o
    0x080018d8   0x080018d8   0x00000004   Code   RO          158    i.MemManage_Handler  stm32f10x_it.o
    0x080018dc   0x080018dc   0x000000dc   Code   RO         3672    i.MiniBalance_EXTI_Init  exti.o
    0x080019b8   0x080019b8   0x00000038   Code   RO         3615    i.MiniBalance_Motor_Init  motor.o
    0x080019f0   0x080019f0   0x0000009c   Code   RO         3616    i.MiniBalance_PWM_Init  motor.o
    0x08001a8c   0x08001a8c   0x00000002   Code   RO          159    i.NMI_Handler       stm32f10x_it.o
    0x08001a8e   0x08001a8e   0x00000002   PAD
    0x08001a90   0x08001a90   0x00000070   Code   RO          270    i.NVIC_Init         misc.o
    0x08001b00   0x08001b00   0x00000014   Code   RO          271    i.NVIC_PriorityGroupConfig  misc.o
    0x08001b14   0x08001b14   0x00000030   Code   RO         3460    i.OLED_Clear        oled.o
    0x08001b44   0x08001b44   0x00000068   Code   RO         3463    i.OLED_DrawPoint    oled.o
    0x08001bac   0x08001bac   0x00000154   Code   RO         3464    i.OLED_Init         oled.o
    0x08001d00   0x08001d00   0x0000004c   Code   RO         3465    i.OLED_Refresh_Gram  oled.o
    0x08001d4c   0x08001d4c   0x000000a8   Code   RO         3466    i.OLED_ShowChar     oled.o
    0x08001df4   0x08001df4   0x00000084   Code   RO         3467    i.OLED_ShowChinese  oled.o
    0x08001e78   0x08001e78   0x00000088   Code   RO         3468    i.OLED_ShowChinese_12  oled.o
    0x08001f00   0x08001f00   0x000000e6   Code   RO         3469    i.OLED_ShowNumber   oled.o
    0x08001fe6   0x08001fe6   0x00000044   Code   RO         3470    i.OLED_ShowString   oled.o
    0x0800202a   0x0800202a   0x00000002   PAD
    0x0800202c   0x0800202c   0x00000058   Code   RO         3471    i.OLED_WR_Byte      oled.o
    0x08002084   0x08002084   0x0000000c   Code   RO         1801    i.PWR_BackupAccessCmd  stm32f10x_pwr.o
    0x08002090   0x08002090   0x00000002   Code   RO          160    i.PendSV_Handler    stm32f10x_it.o
    0x08002092   0x08002092   0x00000002   PAD
    0x08002094   0x08002094   0x00000018   Code   RO         1861    i.RCC_ADCCLKConfig  stm32f10x_rcc.o
    0x080020ac   0x080020ac   0x00000020   Code   RO         1863    i.RCC_APB1PeriphClockCmd  stm32f10x_rcc.o
    0x080020cc   0x080020cc   0x00000020   Code   RO         1865    i.RCC_APB2PeriphClockCmd  stm32f10x_rcc.o
    0x080020ec   0x080020ec   0x00000020   Code   RO         1866    i.RCC_APB2PeriphResetCmd  stm32f10x_rcc.o
    0x0800210c   0x0800210c   0x000000d4   Code   RO         1873    i.RCC_GetClocksFreq  stm32f10x_rcc.o
    0x080021e0   0x080021e0   0x00000034   Code   RO         1881    i.RCC_LSEConfig     stm32f10x_rcc.o
    0x08002214   0x08002214   0x0000003c   Code   RO         3634    i.Read_Encoder      encoder.o
    0x08002250   0x08002250   0x00000044   Code   RO         3635    i.Read_Encoder_Angle  encoder.o
    0x08002294   0x08002294   0x00000068   Code   RO         3636    i.Read_Encoder_Speed  encoder.o
    0x080022fc   0x080022fc   0x00000002   Code   RO          161    i.SVC_Handler       stm32f10x_it.o
    0x080022fe   0x080022fe   0x00000008   Code   RO          218    i.SetSysClock       system_stm32f10x.o
    0x08002306   0x08002306   0x00000002   PAD
    0x08002308   0x08002308   0x000000e0   Code   RO          219    i.SetSysClockTo72   system_stm32f10x.o
    0x080023e8   0x080023e8   0x00000040   Code   RO         3704    i.Set_Pwm           control.o
    0x08002428   0x08002428   0x00000028   Code   RO          274    i.SysTick_CLKSourceConfig  misc.o
    0x08002450   0x08002450   0x00000002   Code   RO          162    i.SysTick_Handler   stm32f10x_it.o
    0x08002452   0x08002452   0x00000002   PAD
    0x08002454   0x08002454   0x00000060   Code   RO          221    i.SystemInit        system_stm32f10x.o
    0x080024b4   0x080024b4   0x00000080   Code   RO         2481    i.TI1_Config        stm32f10x_tim.o
    0x08002534   0x08002534   0x00000098   Code   RO         2482    i.TI2_Config        stm32f10x_tim.o
    0x080025cc   0x080025cc   0x00000090   Code   RO         2483    i.TI3_Config        stm32f10x_tim.o
    0x0800265c   0x0800265c   0x00000098   Code   RO         2484    i.TI4_Config        stm32f10x_tim.o
    0x080026f4   0x080026f4   0x00000140   Code   RO         3705    i.TIM1_UP_IRQHandler  control.o
    0x08002834   0x08002834   0x00000018   Code   RO         3637    i.TIM4_IRQHandler   encoder.o
    0x0800284c   0x0800284c   0x00000018   Code   RO         2485    i.TIM_ARRPreloadConfig  stm32f10x_tim.o
    0x08002864   0x08002864   0x00000006   Code   RO         2491    i.TIM_ClearFlag     stm32f10x_tim.o
    0x0800286a   0x0800286a   0x00000006   Code   RO         2492    i.TIM_ClearITPendingBit  stm32f10x_tim.o
    0x08002870   0x08002870   0x00000018   Code   RO         2497    i.TIM_Cmd           stm32f10x_tim.o
    0x08002888   0x08002888   0x00000042   Code   RO         2506    i.TIM_EncoderInterfaceConfig  stm32f10x_tim.o
    0x080028ca   0x080028ca   0x00000022   Code   RO         2518    i.TIM_GetITStatus   stm32f10x_tim.o
    0x080028ec   0x080028ec   0x000000ac   Code   RO         2520    i.TIM_ICInit        stm32f10x_tim.o
    0x08002998   0x08002998   0x00000012   Code   RO         2521    i.TIM_ICStructInit  stm32f10x_tim.o
    0x080029aa   0x080029aa   0x00000012   Code   RO         2522    i.TIM_ITConfig      stm32f10x_tim.o
    0x080029bc   0x080029bc   0x0000007c   Code   RO         2541    i.TIM_OC4Init       stm32f10x_tim.o
    0x08002a38   0x08002a38   0x0000001a   Code   RO         2543    i.TIM_OC4PreloadConfig  stm32f10x_tim.o
    0x08002a52   0x08002a52   0x00000004   Code   RO         2562    i.TIM_SetCounter    stm32f10x_tim.o
    0x08002a56   0x08002a56   0x00000012   Code   RO         2563    i.TIM_SetIC1Prescaler  stm32f10x_tim.o
    0x08002a68   0x08002a68   0x0000001a   Code   RO         2564    i.TIM_SetIC2Prescaler  stm32f10x_tim.o
    0x08002a82   0x08002a82   0x00000012   Code   RO         2565    i.TIM_SetIC3Prescaler  stm32f10x_tim.o
    0x08002a94   0x08002a94   0x0000001a   Code   RO         2566    i.TIM_SetIC4Prescaler  stm32f10x_tim.o
    0x08002aae   0x08002aae   0x00000002   PAD
    0x08002ab0   0x08002ab0   0x000000a4   Code   RO         2568    i.TIM_TimeBaseInit  stm32f10x_tim.o
    0x08002b54   0x08002b54   0x00000012   Code   RO         2569    i.TIM_TimeBaseStructInit  stm32f10x_tim.o
    0x08002b66   0x08002b66   0x00000002   PAD
    0x08002b68   0x08002b68   0x0000005c   Code   RO         3603    i.Timer1_Init       timer.o
    0x08002bc4   0x08002bc4   0x00000290   Code   RO         3905    i.Tips              check.o
    0x08002e54   0x08002e54   0x00000024   Code   RO         3339    i.USART1_IRQHandler  usart.o
    0x08002e78   0x08002e78   0x00000018   Code   RO         3033    i.USART_Cmd         stm32f10x_usart.o
    0x08002e90   0x08002e90   0x0000001a   Code   RO         3036    i.USART_GetFlagStatus  stm32f10x_usart.o
    0x08002eaa   0x08002eaa   0x00000054   Code   RO         3037    i.USART_GetITStatus  stm32f10x_usart.o
    0x08002efe   0x08002efe   0x0000004a   Code   RO         3039    i.USART_ITConfig    stm32f10x_usart.o
    0x08002f48   0x08002f48   0x000000d8   Code   RO         3040    i.USART_Init        stm32f10x_usart.o
    0x08003020   0x08003020   0x0000000a   Code   RO         3047    i.USART_ReceiveData  stm32f10x_usart.o
    0x0800302a   0x0800302a   0x00000008   Code   RO         3050    i.USART_SendData    stm32f10x_usart.o
    0x08003032   0x08003032   0x00000004   Code   RO          163    i.UsageFault_Handler  stm32f10x_it.o
    0x08003036   0x08003036   0x0000001e   Code   RO         3340    i.Usart_SendByte    usart.o
    0x08003054   0x08003054   0x0000002a   Code   RO         3342    i.Usart_SendString  usart.o
    0x0800307e   0x0800307e   0x00000002   PAD
    0x08003080   0x08003080   0x00000028   Code   RO         3707    i.Xianfu_Pwm        control.o
    0x080030a8   0x080030a8   0x00000028   Code   RO         4158    i.__0sprintf        mc_w.l(printfa.o)
    0x080030d0   0x080030d0   0x0000000e   Code   RO         4253    i.__scatterload_copy  mc_w.l(handlers.o)
    0x080030de   0x080030de   0x00000002   Code   RO         4254    i.__scatterload_null  mc_w.l(handlers.o)
    0x080030e0   0x080030e0   0x0000000e   Code   RO         4255    i.__scatterload_zeroinit  mc_w.l(handlers.o)
    0x080030ee   0x080030ee   0x00000002   PAD
    0x080030f0   0x080030f0   0x00000184   Code   RO         4163    i._fp_digits        mc_w.l(printfa.o)
    0x08003274   0x08003274   0x000006dc   Code   RO         4164    i._printf_core      mc_w.l(printfa.o)
    0x08003950   0x08003950   0x00000024   Code   RO         4165    i._printf_post_padding  mc_w.l(printfa.o)
    0x08003974   0x08003974   0x0000002e   Code   RO         4166    i._printf_pre_padding  mc_w.l(printfa.o)
    0x080039a2   0x080039a2   0x0000000a   Code   RO         4168    i._sputc            mc_w.l(printfa.o)
    0x080039ac   0x080039ac   0x00000170   Code   RO         3806    i.check_display     show.o
    0x08003b1c   0x08003b1c   0x00000060   Code   RO         3426    i.click             key.o
    0x08003b7c   0x08003b7c   0x000000d0   Code   RO         3427    i.click_N_Double    key.o
    0x08003c4c   0x08003c4c   0x00000044   Code   RO         3263    i.delay_init        delay.o
    0x08003c90   0x08003c90   0x0000004c   Code   RO         3264    i.delay_ms          delay.o
    0x08003cdc   0x08003cdc   0x0000004c   Code   RO         3265    i.delay_us          delay.o
    0x08003d28   0x08003d28   0x00000080   Code   RO         3807    i.fail_display      show.o
    0x08003da8   0x08003da8   0x000000b4   Code   RO            1    i.main              main.o
    0x08003e5c   0x08003e5c   0x0000000e   Code   RO         3708    i.myabs             control.o
    0x08003e6a   0x08003e6a   0x00000016   Code   RO         3472    i.oled_pow          oled.o
    0x08003e80   0x08003e80   0x0000020c   Code   RO         3808    i.oled_show         show.o
    0x0800408c   0x0800408c   0x0000017c   Code   RO         3809    i.show_Tips         show.o
    0x08004208   0x08004208   0x000001c4   Code   RO         3810    i.step_0            show.o
    0x080043cc   0x080043cc   0x000001b8   Code   RO         3811    i.step_1            show.o
    0x08004584   0x08004584   0x000001dc   Code   RO         3812    i.step_2            show.o
    0x08004760   0x08004760   0x00000128   Code   RO         3813    i.step_3            show.o
    0x08004888   0x08004888   0x000000b0   Code   RO         3814    i.success_display   show.o
    0x08004938   0x08004938   0x000000a0   Code   RO         3346    i.uart_init         usart.o
    0x080049d8   0x080049d8   0x00004354   Data   RO         3474    .constdata          oled.o
    0x08008d2c   0x08008d2c   0x0000004f   Data   RO            2    .conststring        main.o
    0x08008d7b   0x08008d7b   0x00000001   PAD
    0x08008d7c   0x08008d7c   0x00000020   Data   RO         4251    Region$$Table       anon$$obj.o


    Execution Region RW_IRAM1 (Exec base: 0x20000000, Load base: 0x08008d9c, Size: 0x00000a28, Max: 0x00005000, ABSOLUTE, COMPRESSED[0x00000040])

    Exec Addr    Load Addr    Size         Type   Attr      Idx    E Section Name        Object

    0x20000000   COMPRESSED   0x0000005c   Data   RW            3    .data               main.o
    0x2000005c   COMPRESSED   0x00000014   Data   RW          222    .data               system_stm32f10x.o
    0x20000070   COMPRESSED   0x00000014   Data   RW         1893    .data               stm32f10x_rcc.o
    0x20000084   COMPRESSED   0x00000004   Data   RW         3266    .data               delay.o
    0x20000088   COMPRESSED   0x00000016   Data   RW         3348    .data               usart.o
    0x2000009e   COMPRESSED   0x00000012   Data   RW         3428    .data               key.o
    0x200000b0   COMPRESSED   0x0000008c   Data   RW         3710    .data               control.o
    0x2000013c   COMPRESSED   0x00000008   Data   RW         3815    .data               show.o
    0x20000144   COMPRESSED   0x00000002   Data   RW         3906    .data               check.o
    0x20000146   COMPRESSED   0x00000002   PAD
    0x20000148        -       0x00000400   Zero   RW         3473    .bss                oled.o
    0x20000548        -       0x000000b4   Zero   RW         3709    .bss                control.o
    0x200005fc        -       0x0000002a   Zero   RW         3878    .bss                datascope_dp.o
    0x20000626   COMPRESSED   0x00000002   PAD
    0x20000628        -       0x00000400   Zero   RW          263    STACK               startup_stm32f10x_hd.o


==============================================================================

Image component sizes


      Code (inc. data)   RO Data    RW Data    ZI Data      Debug   Object Name

       654         62          0          0          0       4485   adc.o
       656         40          0          2          0       1055   check.o
       834        144          0        140        180       9247   control.o
         0          0          0          0          0         32   core_cm3.o
       344         34          0          0         42       2994   datascope_dp.o
       220         26          0          4          0       1927   delay.o
       416         60          0          0          0       3191   encoder.o
       744         60          0          0          0       1980   exti.o
       512         64          0         18          0       3247   key.o
        48          4          0          0          0        543   led.o
       180         34         79         92          0     251822   main.o
       172         22          0          0          0     217081   misc.o
       212         14          0          0          0       1400   motor.o
      1412         66      17236          0       1024       9520   oled.o
      3428        154          0          8          0       6393   show.o
        36          8        304          0       1024        828   startup_stm32f10x_hd.o
       486         24          0          0          0       9206   stm32f10x_adc.o
        12          6          0          0          0        555   stm32f10x_bkp.o
       160         12          0          0          0       1653   stm32f10x_exti.o
       350          4          0          0          0       3902   stm32f10x_gpio.o
        26          0          0          0          0       4154   stm32f10x_it.o
        12          6          0          0          0        562   stm32f10x_pwr.o
       384         50          0         20          0       6482   stm32f10x_rcc.o
      1368        160          0          0          0      15453   stm32f10x_tim.o
       442          6          0          0          0       6577   stm32f10x_usart.o
        48         10          0          0          0        523   sys.o
       328         28          0         20          0       2337   system_stm32f10x.o
        92          4          0          0          0        706   timer.o
       268         20          0         22          0       4663   usart.o

    ----------------------------------------------------------------------
     13870       1122      17652        328       2272     572518   Object Totals
         0          0         32          0          0          0   (incl. Generated)
        26          0          1          2          2          0   (incl. Padding)

    ----------------------------------------------------------------------

      Code (inc. data)   RO Data    RW Data    ZI Data      Debug   Library Member Name

        86          0          0          0          0          0   __dczerorl2.o
         0          0          0          0          0          0   entry.o
         0          0          0          0          0          0   entry10a.o
         0          0          0          0          0          0   entry11a.o
         8          4          0          0          0          0   entry2.o
         4          0          0          0          0          0   entry5.o
         0          0          0          0          0          0   entry7b.o
         0          0          0          0          0          0   entry8b.o
         8          4          0          0          0          0   entry9a.o
        30          0          0          0          0          0   handlers.o
        36          8          0          0          0         68   init.o
         0          0          0          0          0          0   iusefp.o
        98          0          0          0          0         84   ldiv.o
        30          0          0          0          0         68   llshl.o
        36          0          0          0          0         68   llsshr.o
        32          0          0          0          0         68   llushr.o
      2276         86          0          0          0        520   printfa.o
        44          0          0          0          0         80   uidiv.o
        98          0          0          0          0         92   uldiv.o
        48          0          0          0          0         68   cdrcmple.o
        20          0          0          0          0         68   cfcmple.o
        20          0          0          0          0         68   cfrcmple.o
        56          0          0          0          0         88   d2f.o
       334          0          0          0          0        148   dadd.o
       222          0          0          0          0        100   ddiv.o
       186          0          0          0          0        176   depilogue.o
        62          0          0          0          0         80   dfixi.o
        48          0          0          0          0         68   dfixul.o
        26          0          0          0          0         76   dfltui.o
       228          0          0          0          0         96   dmul.o
        38          0          0          0          0         68   f2d.o
       176          0          0          0          0        140   fadd.o
       124          0          0          0          0         88   fdiv.o
       110          0          0          0          0        168   fepilogue.o
        50          0          0          0          0         68   ffixi.o
        66          0          0          0          0         76   ffixl.o
        18          0          0          0          0         68   fflti.o
        10          0          0          0          0         68   ffltui.o
       100          0          0          0          0         76   fmul.o

    ----------------------------------------------------------------------
      4730        102          0          0          0       2904   Library Totals
         2          0          0          0          0          0   (incl. Padding)

    ----------------------------------------------------------------------

      Code (inc. data)   RO Data    RW Data    ZI Data      Debug   Library Name

      2786        102          0          0          0       1048   mc_w.l
      1942          0          0          0          0       1856   mf_w.l

    ----------------------------------------------------------------------
      4730        102          0          0          0       2904   Library Totals

    ----------------------------------------------------------------------

==============================================================================


      Code (inc. data)   RO Data    RW Data    ZI Data      Debug   

     18600       1224      17652        328       2272     567282   Grand Totals
     18600       1224      17652         64       2272     567282   ELF Image Totals (compressed)
     18600       1224      17652         64          0          0   ROM Totals

==============================================================================

    Total RO  Size (Code + RO Data)                36252 (  35.40kB)
    Total RW  Size (RW Data + ZI Data)              2600 (   2.54kB)
    Total ROM Size (Code + RO Data + RW Data)      36316 (  35.46kB)

==============================================================================

